Component: ARM Compiler 5.06 update 5 (build 528) Tool: armlink [4d35e2]

==============================================================================

Section Cross References

    startup_stm32f103xb.o(RESET) refers to startup_stm32f103xb.o(STACK) for __initial_sp
    startup_stm32f103xb.o(RESET) refers to startup_stm32f103xb.o(.text) for Reset_Handler
    startup_stm32f103xb.o(RESET) refers to stm32f1xx_it.o(i.NMI_Handler) for NMI_Handler
    startup_stm32f103xb.o(RESET) refers to stm32f1xx_it.o(i.HardFault_Handler) for HardFault_Handler
    startup_stm32f103xb.o(RESET) refers to stm32f1xx_it.o(i.MemManage_Handler) for MemManage_Handler
    startup_stm32f103xb.o(RESET) refers to stm32f1xx_it.o(i.BusFault_Handler) for BusFault_Handler
    startup_stm32f103xb.o(RESET) refers to stm32f1xx_it.o(i.UsageFault_Handler) for UsageFault_Handler
    startup_stm32f103xb.o(RESET) refers to stm32f1xx_it.o(i.SVC_Handler) for SVC_Handler
    startup_stm32f103xb.o(RESET) refers to stm32f1xx_it.o(i.DebugMon_Handler) for DebugMon_Handler
    startup_stm32f103xb.o(RESET) refers to stm32f1xx_it.o(i.PendSV_Handler) for PendSV_Handler
    startup_stm32f103xb.o(RESET) refers to stm32f1xx_it.o(i.SysTick_Handler) for SysTick_Handler
    startup_stm32f103xb.o(RESET) refers to stm32f1xx_it.o(i.DMA1_Channel4_IRQHandler) for DMA1_Channel4_IRQHandler
    startup_stm32f103xb.o(RESET) refers to stm32f1xx_it.o(i.DMA1_Channel5_IRQHandler) for DMA1_Channel5_IRQHandler
    startup_stm32f103xb.o(RESET) refers to stm32f1xx_it.o(i.USB_LP_CAN1_RX0_IRQHandler) for USB_LP_CAN1_RX0_IRQHandler
    startup_stm32f103xb.o(RESET) refers to stm32f1xx_it.o(i.TIM2_IRQHandler) for TIM2_IRQHandler
    startup_stm32f103xb.o(RESET) refers to stm32f1xx_it.o(i.TIM3_IRQHandler) for TIM3_IRQHandler
    startup_stm32f103xb.o(RESET) refers to stm32f1xx_it.o(i.USART1_IRQHandler) for USART1_IRQHandler
    startup_stm32f103xb.o(.text) refers to system_stm32f1xx.o(i.SystemInit) for SystemInit
    startup_stm32f103xb.o(.text) refers to entry.o(.ARM.Collect$$$$00000000) for __main
    kth71xx.o(i.KTH71_IsCRCOK) refers to kth71xx.o(.data) for .data
    kth71xx.o(i.KTH71_LockReg) refers to stm32f1xx_hal_gpio.o(i.HAL_GPIO_WritePin) for HAL_GPIO_WritePin
    kth71xx.o(i.KTH71_LockReg) refers to stm32f1xx_hal_spi.o(i.HAL_SPI_Transmit) for HAL_SPI_Transmit
    kth71xx.o(i.KTH71_LockReg) refers to spi.o(.bss) for hspi1
    kth71xx.o(i.KTH71_ReadAngle) refers to kth71xx.o(i.KTH71_SPI_TransmitReceive) for KTH71_SPI_TransmitReceive
    kth71xx.o(i.KTH71_ReadAngle) refers to kth71xx.o(i.KTH71_IsCRCOK) for KTH71_IsCRCOK
    kth71xx.o(i.KTH71_ReadAngle) refers to spi.o(.bss) for hspi1
    kth71xx.o(i.KTH71_ReadReg) refers to kth71xx.o(i.KTH71_SPI_TransmitReceive) for KTH71_SPI_TransmitReceive
    kth71xx.o(i.KTH71_ReadReg) refers to kth71xx.o(i.KTH71_IsCRCOK) for KTH71_IsCRCOK
    kth71xx.o(i.KTH71_ReadReg) refers to spi.o(.bss) for hspi1
    kth71xx.o(i.KTH71_SPI_TransmitReceive) refers to stm32f1xx_hal_gpio.o(i.HAL_GPIO_WritePin) for HAL_GPIO_WritePin
    kth71xx.o(i.KTH71_SPI_TransmitReceive) refers to stm32f1xx_hal_spi.o(i.HAL_SPI_Transmit) for HAL_SPI_Transmit
    kth71xx.o(i.KTH71_SPI_TransmitReceive) refers to stm32f1xx_hal_spi.o(i.HAL_SPI_Receive) for HAL_SPI_Receive
    kth71xx.o(i.KTH71_SPI_TransmitReceive) refers to spi.o(.bss) for hspi1
    kth71xx.o(i.KTH71_UnlockReg) refers to stm32f1xx_hal_gpio.o(i.HAL_GPIO_WritePin) for HAL_GPIO_WritePin
    kth71xx.o(i.KTH71_UnlockReg) refers to stm32f1xx_hal_spi.o(i.HAL_SPI_Transmit) for HAL_SPI_Transmit
    kth71xx.o(i.KTH71_UnlockReg) refers to spi.o(.bss) for hspi1
    kth71xx.o(i.KTH71_WriteReg) refers to kth71xx.o(i.KTH71_SPI_TransmitReceive) for KTH71_SPI_TransmitReceive
    kth71xx.o(i.KTH71_WriteReg) refers to spi.o(.bss) for hspi1
    kth71xx.o(i.KTH71_WriteRegToMTP) refers to stm32f1xx_hal_gpio.o(i.HAL_GPIO_WritePin) for HAL_GPIO_WritePin
    kth71xx.o(i.KTH71_WriteRegToMTP) refers to stm32f1xx_hal_spi.o(i.HAL_SPI_Transmit) for HAL_SPI_Transmit
    kth71xx.o(i.KTH71_WriteRegToMTP) refers to stm32f1xx_hal.o(i.HAL_Delay) for HAL_Delay
    kth71xx.o(i.KTH71_WriteRegToMTP) refers to spi.o(.bss) for hspi1
    kth71xx.o(i.convert_to_angle) refers to ffltui.o(.text) for __aeabi_ui2f
    kth71xx.o(i.convert_to_angle) refers to fscalb.o(.text) for __ARM_scalbnf
    kth71xx.o(i.convert_to_angle) refers to fmul.o(.text) for __aeabi_fmul
    main.o(i.Get_Microseconds) refers to stm32f1xx_hal_rcc.o(i.HAL_RCC_GetSysClockFreq) for HAL_RCC_GetSysClockFreq
    main.o(i.HAL_TIM_PeriodElapsedCallback) refers to can.o(i.MX_CAN_Init) for MX_CAN_Init
    main.o(i.HAL_TIM_PeriodElapsedCallback) refers to stm32f1xx_hal_gpio.o(i.HAL_GPIO_TogglePin) for HAL_GPIO_TogglePin
    main.o(i.HAL_TIM_PeriodElapsedCallback) refers to tim.o(.bss) for htim3
    main.o(i.HAL_TIM_PeriodElapsedCallback) refers to pid.o(.bss) for ALLflag
[...]
    i.HAL_GPIO_Init                          0x080019e8   Section        0  stm32f1xx_hal_gpio.o(i.HAL_GPIO_Init)
    i.HAL_GPIO_TogglePin                     0x08001bb4   Section        0  stm32f1xx_hal_gpio.o(i.HAL_GPIO_TogglePin)
    i.HAL_GPIO_WritePin                      0x08001bc4   Section        0  stm32f1xx_hal_gpio.o(i.HAL_GPIO_WritePin)
    i.HAL_GetTick                            0x08001bd0   Section        0  stm32f1xx_hal.o(i.HAL_GetTick)
    i.HAL_GetUIDw0                           0x08001bdc   Section        0  stm32f1xx_hal.o(i.HAL_GetUIDw0)
    i.HAL_GetUIDw1                           0x08001be8   Section        0  stm32f1xx_hal.o(i.HAL_GetUIDw1)
    i.HAL_GetUIDw2                           0x08001bf4   Section        0  stm32f1xx_hal.o(i.HAL_GetUIDw2)
    i.HAL_I2C_Init                           0x08001c00   Section        0  stm32f1xx_hal_i2c.o(i.HAL_I2C_Init)
    i.HAL_I2C_MspInit                        0x08001d88   Section        0  i2c.o(i.HAL_I2C_MspInit)
    i.HAL_IncTick                            0x08001e20   Section        0  stm32f1xx_hal.o(i.HAL_IncTick)
    i.HAL_Init                               0x08001e30   Section        0  stm32f1xx_hal.o(i.HAL_Init)
    i.HAL_InitTick                           0x08001e54   Section        0  stm32f1xx_hal.o(i.HAL_InitTick)
    i.HAL_MspInit                            0x08001e94   Section        0  stm32f1xx_hal_msp.o(i.HAL_MspInit)
    i.HAL_NVIC_EnableIRQ                     0x08001ed0   Section        0  stm32f1xx_hal_cortex.o(i.HAL_NVIC_EnableIRQ)
    i.HAL_NVIC_SetPriority                   0x08001eec   Section        0  stm32f1xx_hal_cortex.o(i.HAL_NVIC_SetPriority)
    i.HAL_NVIC_SetPriorityGrouping           0x08001f2c   Section        0  stm32f1xx_hal_cortex.o(i.HAL_NVIC_SetPriorityGrouping)
    i.HAL_RCC_ClockConfig                    0x08001f50   Section        0  stm32f1xx_hal_rcc.o(i.HAL_RCC_ClockConfig)
    i.HAL_RCC_GetPCLK1Freq                   0x08002088   Section        0  stm32f1xx_hal_rcc.o(i.HAL_RCC_GetPCLK1Freq)
    i.HAL_RCC_GetPCLK2Freq                   0x080020a8   Section        0  stm32f1xx_hal_rcc.o(i.HAL_RCC_GetPCLK2Freq)
    i.HAL_RCC_GetSysClockFreq                0x080020c8   Section        0  stm32f1xx_hal_rcc.o(i.HAL_RCC_GetSysClockFreq)
    i.HAL_RCC_OscConfig                      0x08002114   Section        0  stm32f1xx_hal_rcc.o(i.HAL_RCC_OscConfig)
    i.HAL_SPI_Init                           0x0800242c   Section        0  stm32f1xx_hal_spi.o(i.HAL_SPI_Init)
    i.HAL_SPI_MspInit                        0x080024e0   Section        0  spi.o(i.HAL_SPI_MspInit)
    i.HAL_SYSTICK_Config                     0x0800253c   Section        0  stm32f1xx_hal_cortex.o(i.HAL_SYSTICK_Config)
    i.HAL_TIMEx_BreakCallback                0x08002564   Section        0  stm32f1xx_hal_tim_ex.o(i.HAL_TIMEx_BreakCallback)
    i.HAL_TIMEx_CommutCallback               0x08002566   Section        0  stm32f1xx_hal_tim_ex.o(i.HAL_TIMEx_CommutCallback)
    i.HAL_TIMEx_MasterConfigSynchronization  0x08002568   Section        0  stm32f1xx_hal_tim_ex.o(i.HAL_TIMEx_MasterConfigSynchronization)
    i.HAL_TIM_Base_Init                      0x080025d0   Section        0  stm32f1xx_hal_tim.o(i.HAL_TIM_Base_Init)
    i.HAL_TIM_Base_MspInit                   0x0800262c   Section        0  tim.o(i.HAL_TIM_Base_MspInit)
    i.HAL_TIM_Base_Start_IT                  0x0800268c   Section        0  stm32f1xx_hal_tim.o(i.HAL_TIM_Base_Start_IT)
    i.HAL_TIM_ConfigClockSource              0x080026e4   Section        0  stm32f1xx_hal_tim.o(i.HAL_TIM_ConfigClockSource)
    i.HAL_TIM_IC_CaptureCallback             0x080027c0   Section        0  stm32f1xx_hal_tim.o(i.HAL_TIM_IC_CaptureCallback)
    i.HAL_TIM_IRQHandler                     0x080027c2   Section        0  stm32f1xx_hal_tim.o(i.HAL_TIM_IRQHandler)
    i.HAL_TIM_OC_DelayElapsedCallback        0x080028f2   Section        0  stm32f1xx_hal_tim.o(i.HAL_TIM_OC_DelayElapsedCallback)
    i.HAL_TIM_PWM_PulseFinishedCallback      0x080028f4   Section        0  stm32f1xx_hal_tim.o(i.HAL_TIM_PWM_PulseFinishedCallback)
    i.HAL_TIM_PeriodElapsedCallback          0x080028f8   Section        0  main.o(i.HAL_TIM_PeriodElapsedCallback)
    i.HAL_TIM_TriggerCallback                0x08002988   Section        0  stm32f1xx_hal_tim.o(i.HAL_TIM_TriggerCallback)
    i.HAL_UARTEx_RxEventCallback             0x0800298a   Section        0  stm32f1xx_hal_uart.o(i.HAL_UARTEx_RxEventCallback)
    i.HAL_UART_DMAStop                       0x0800298c   Section        0  stm32f1xx_hal_uart.o(i.HAL_UART_DMAStop)
    i.HAL_UART_ErrorCallback                 0x080029fc   Section        0  stm32f1xx_hal_uart.o(i.HAL_UART_ErrorCallback)
    i.HAL_UART_GetState                      0x080029fe   Section        0  stm32f1xx_hal_uart.o(i.HAL_UART_GetState)
    i.HAL_UART_IRQHandler                    0x08002a08   Section        0  stm32f1xx_hal_uart.o(i.HAL_UART_IRQHandler)
    i.HAL_UART_Init                          0x08002c74   Section        0  stm32f1xx_hal_uart.o(i.HAL_UART_Init)
    i.HAL_UART_MspInit                       0x08002cd8   Section        0  usart.o(i.HAL_UART_MspInit)
    i.HAL_UART_Receive_DMA                   0x08002db8   Section        0  stm32f1xx_hal_uart.o(i.HAL_UART_Receive_DMA)
    i.HAL_UART_RxCpltCallback                0x08002dd4   Section        0  stm32f1xx_hal_uart.o(i.HAL_UART_RxCpltCallback)
    i.HAL_UART_RxHalfCpltCallback            0x08002dd6   Section        0  stm32f1xx_hal_uart.o(i.HAL_UART_RxHalfCpltCallback)
    i.HAL_UART_Transmit                      0x08002dd8   Section        0  stm32f1xx_hal_uart.o(i.HAL_UART_Transmit)
    i.HAL_UART_Transmit_DMA                  0x08002e78   Section        0  stm32f1xx_hal_uart.o(i.HAL_UART_Transmit_DMA)
    i.HAL_UART_TxCpltCallback                0x08002ef4   Section        0  stm32f1xx_hal_uart.o(i.HAL_UART_TxCpltCallback)
    i.HAL_UART_TxHalfCpltCallback            0x08002ef6   Section        0  stm32f1xx_hal_uart.o(i.HAL_UART_TxHalfCpltCallback)
    i.HardFault_Handler                      0x08002ef8   Section        0  stm32f1xx_it.o(i.HardFault_Handler)
    i.MX_CAN_Init                            0x08002efc   Section        0  can.o(i.MX_CAN_Init)
    i.MX_DMA_Init                            0x08002f80   Section        0  dma.o(i.MX_DMA_Init)
    i.MX_GPIO_Init                           0x08002fbc   Section        0  gpio.o(i.MX_GPIO_Init)
    i.MX_I2C1_Init                           0x0800306c   Section        0  i2c.o(i.MX_I2C1_Init)
    i.MX_I2C2_Init                           0x080030ac   Section        0  i2c.o(i.MX_I2C2_Init)
    i.MX_SPI1_Init                           0x080030ec   Section        0  spi.o(i.MX_SPI1_Init)
    i.MX_TIM2_Init                           0x08003138   Section        0  tim.o(i.MX_TIM2_Init)
    i.MX_TIM3_Init                           0x080031a0   Section        0  tim.o(i.MX_TIM3_Init)
    i.MX_USART1_UART_Init                    0x08003208   Section        0  usart.o(i.MX_USART1_UART_Init)
    i.MemManage_Handler                      0x08003240   Section        0  stm32f1xx_it.o(i.MemManage_Handler)
    i.NMI_Handler                            0x08003242   Section        0  stm32f1xx_it.o(i.NMI_Handler)
    i.PendSV_Handler                         0x08003244   Section        0  stm32f1xx_it.o(i.PendSV_Handler)
    i.SVC_Handler                            0x08003246   Section        0  stm32f1xx_it.o(i.SVC_Handler)
    i.SysTick_Handler                        0x08003248   Section        0  stm32f1xx_it.o(i.SysTick_Handler)
    i.SystemClock_Config                     0x0800324c   Section        0  main.o(i.SystemClock_Config)
    i.SystemInit                             0x080032a8   Section        0  system_stm32f1xx.o(i.SystemInit)
    i.TIM2_IRQHandler                        0x080032ac   Section        0  stm32f1xx_it.o(i.TIM2_IRQHandler)
    i.TIM3_IRQHandler                        0x080032b8   Section        0  stm32f1xx_it.o(i.TIM3_IRQHandler)
    i.TIM_Base_SetConfig                     0x080032c4   Section        0  stm32f1xx_hal_tim.o(i.TIM_Base_SetConfig)
    i.TIM_ETR_SetConfig                      0x0800333c   Section        0  stm32f1xx_hal_tim.o(i.TIM_ETR_SetConfig)
    i.TIM_ITRx_SetConfig                     0x08003350   Section        0  stm32f1xx_hal_tim.o(i.TIM_ITRx_SetConfig)
    TIM_ITRx_SetConfig                       0x08003351   Thumb Code    16  stm32f1xx_hal_tim.o(i.TIM_ITRx_SetConfig)
    i.TIM_TI1_ConfigInputStage               0x08003360   Section        0  stm32f1xx_hal_tim.o(i.TIM_TI1_ConfigInputStage)
    TIM_TI1_ConfigInputStage                 0x08003361   Thumb Code    34  stm32f1xx_hal_tim.o(i.TIM_TI1_ConfigInputStage)
    i.TIM_TI2_ConfigInputStage               0x08003382   Section        0  stm32f1xx_hal_tim.o(i.TIM_TI2_ConfigInputStage)
    TIM_TI2_ConfigInputStage                 0x08003383   Thumb Code    36  stm32f1xx_hal_tim.o(i.TIM_TI2_ConfigInputStage)
    i.UART_DMAAbortOnError                   0x080033a6   Section        0  stm32f1xx_hal_uart.o(i.UART_DMAAbortOnError)
    UART_DMAAbortOnError                     0x080033a7   Thumb Code    16  stm32f1xx_hal_uart.o(i.UART_DMAAbortOnError)
    i.UART_DMAError                          0x080033b6   Section        0  stm32f1xx_hal_uart.o(i.UART_DMAError)
    UART_DMAError                            0x080033b7   Thumb Code    74  stm32f1xx_hal_uart.o(i.UART_DMAError)
    i.UART_DMAReceiveCplt                    0x08003400   Section        0  stm32f1xx_hal_uart.o(i.UART_DMAReceiveCplt)
    UART_DMAReceiveCplt                      0x08003401   Thumb Code   134  stm32f1xx_hal_uart.o(i.UART_DMAReceiveCplt)
    i.UART_DMARxHalfCplt                     0x08003486   Section        0  stm32f1xx_hal_uart.o(i.UART_DMARxHalfCplt)
    UART_DMARxHalfCplt                       0x08003487   Thumb Code    30  stm32f1xx_hal_uart.o(i.UART_DMARxHalfCplt)
    i.UART_DMATransmitCplt                   0x080034a4   Section        0  stm32f1xx_hal_uart.o(i.UART_DMATransmitCplt)
    UART_DMATransmitCplt                     0x080034a5   Thumb Code    66  stm32f1xx_hal_uart.o(i.UART_DMATransmitCplt)
    i.UART_DMATxHalfCplt                     0x080034e6   Section        0  stm32f1xx_hal_uart.o(i.UART_DMATxHalfCplt)
    UART_DMATxHalfCplt                       0x080034e7   Thumb Code    10  stm32f1xx_hal_uart.o(i.UART_DMATxHalfCplt)
    i.UART_EndRxTransfer                     0x080034f0   Section        0  stm32f1xx_hal_uart.o(i.UART_EndRxTransfer)
    UART_EndRxTransfer                       0x080034f1   Thumb Code    78  stm32f1xx_hal_uart.o(i.UART_EndRxTransfer)
    i.UART_EndTxTransfer                     0x0800353e   Section        0  stm32f1xx_hal_uart.o(i.UART_EndTxTransfer)
    UART_EndTxTransfer                       0x0800353f   Thumb Code    28  stm32f1xx_hal_uart.o(i.UART_EndTxTransfer)
    i.UART_Receive_IT                        0x0800355a   Section        0  stm32f1xx_hal_uart.o(i.UART_Receive_IT)
    UART_Receive_IT                          0x0800355b   Thumb Code   194  stm32f1xx_hal_uart.o(i.UART_Receive_IT)
    i.UART_SetConfig                         0x0800361c   Section        0  stm32f1xx_hal_uart.o(i.UART_SetConfig)
    UART_SetConfig                           0x0800361d   Thumb Code   178  stm32f1xx_hal_uart.o(i.UART_SetConfig)
    i.UART_Start_Receive_DMA                 0x080036d4   Section        0  stm32f1xx_hal_uart.o(i.UART_Start_Receive_DMA)
    i.UART_Transmit_DMA                      0x08003768   Section        0  usart.o(i.UART_Transmit_DMA)
    i.UART_WaitOnFlagUntilTimeout            0x0800378c   Section        0  stm32f1xx_hal_uart.o(i.UART_WaitOnFlagUntilTimeout)
    UART_WaitOnFlagUntilTimeout              0x0800378d   Thumb Code   112  stm32f1xx_hal_uart.o(i.UART_WaitOnFlagUntilTimeout)
    i.USART1_IRQHandler                      0x080037fc   Section        0  stm32f1xx_it.o(i.USART1_IRQHandler)
    i.USB_LP_CAN1_RX0_IRQHandler             0x08003a98   Section        0  stm32f1xx_it.o(i.USB_LP_CAN1_RX0_IRQHandler)
    i.UsageFault_Handler                     0x08003aa4   Section        0  stm32f1xx_it.o(i.UsageFault_Handler)
    i.__0printf$8                            0x08003aa8   Section        0  printf8.o(i.__0printf$8)
    i.__0sprintf$8                           0x08003ac8   Section        0  printf8.o(i.__0sprintf$8)
    i.__ARM_fpclassify                       0x08003af0   Section        0  fpclassify.o(i.__ARM_fpclassify)
    i.__NVIC_SetPriority                     0x08003b18   Section        0  stm32f1xx_hal_cortex.o(i.__NVIC_SetPriority)
    __NVIC_SetPriority                       0x08003b19   Thumb Code    32  stm32f1xx_hal_cortex.o(i.__NVIC_SetPriority)
    i.__ieee754_rem_pio2                     0x08003b38   Section        0  rred.o(i.__ieee754_rem_pio2)
    i.__kernel_cos                           0x08003ec0   Section        0  cos_i.o(i.__kernel_cos)
    i.__kernel_poly                          0x08003fbc   Section        0  poly.o(i.__kernel_poly)
    i.__kernel_sin                           0x08004068   Section        0  sin_i.o(i.__kernel_sin)
    i.__mathlib_dbl_infnan                   0x08004154   Section        0  dunder.o(i.__mathlib_dbl_infnan)
    i.__mathlib_dbl_invalid                  0x0800415a   Section        0  dunder.o(i.__mathlib_dbl_invalid)
    i.__mathlib_dbl_underflow                0x08004168   Section        0  dunder.o(i.__mathlib_dbl_underflow)
    i.__scatterload_copy                     0x08004178   Section       14  handlers.o(i.__scatterload_copy)
    i.__scatterload_null                     0x08004186   Section        2  handlers.o(i.__scatterload_null)
    i.__scatterload_zeroinit                 0x08004188   Section       14  handlers.o(i.__scatterload_zeroinit)
    i.__set_errno                            0x08004198   Section        0  errno.o(i.__set_errno)
    i._printf_core                           0x080041a4   Section        0  printf8.o(i._printf_core)
    _printf_core                             0x080041a5   Thumb Code   996  printf8.o(i._printf_core)
    i._printf_post_padding                   0x080045b4   Section        0  printf8.o(i._printf_post_padding)
    _printf_post_padding                     0x080045b5   Thumb Code    36  printf8.o(i._printf_post_padding)
    i._printf_pre_padding                    0x080045d8   Section        0  printf8.o(i._printf_pre_padding)
    _printf_pre_padding                      0x080045d9   Thumb Code    46  printf8.o(i._printf_pre_padding)
    i._sputc                                 0x08004606   Section        0  printf8.o(i._sputc)
    _sputc                                   0x08004607   Thumb Code    10  printf8.o(i._sputc)
    i.acos                                   0x08004610   Section        0  acos.o(i.acos)
    i.cos                                    0x0800488c   Section        0  cos.o(i.cos)
    i.distanceToAngle                        0x08004928   Section        0  pid.o(i.distanceToAngle)
    i.distance_to_motor_turns                0x080049c0   Section        0  pid.o(i.distance_to_motor_turns)
    i.fputc                                  0x08004a50   Section        0  usart.o(i.fputc)
    i.is_mcuid_received                      0x08004a68   Section        0  usart.o(i.is_mcuid_received)
    i.main                                   0x08004a94   Section        0  main.o(i.main)
    i.motor_turns_to_distance                0x08004ef4   Section        0  pid.o(i.motor_turns_to_distance)
    i.pid_calc                               0x08004f70   Section        0  pid.o(i.pid_calc)
    i.pid_count                              0x0800504c   Section        0  pid.o(i.pid_count)
    i.pid_init_all                           0x08005098   Section        0  pid.o(i.pid_init_all)
    i.pid_initw                              0x080050dc   Section        0  pid.o(i.pid_initw)
    i.sqrt                                   0x080050ec   Section        0  sqrt.o(i.sqrt)
    .constdata                               0x08005138   Section       18  stm32f1xx_hal_rcc.o(.constdata)
    aPredivFactorTable                       0x08005138   Data           2  stm32f1xx_hal_rcc.o(.constdata)
    aPLLMULFactorTable                       0x0800513a   Data          16  stm32f1xx_hal_rcc.o(.constdata)
    .constdata                               0x0800514a   Section       16  system_stm32f1xx.o(.constdata)
    .constdata                               0x0800515a   Section        8  system_stm32f1xx.o(.constdata)
    .constdata                               0x08005168   Section       80  acos.o(.constdata)
    pS                                       0x08005168   Data          48  acos.o(.constdata)
    qS                                       0x08005198   Data          32  acos.o(.constdata)
    .constdata                               0x080051b8   Section       48  cos_i.o(.constdata)
    C                                        0x080051b8   Data          48  cos_i.o(.constdata)
    .constdata                               0x080051e8   Section      200  rred.o(.constdata)
    pio2s                                    0x080051e8   Data          48  rred.o(.constdata)
    twooverpi                                0x08005218   Data         152  rred.o(.constdata)
    .constdata                               0x080052b0   Section       40  sin_i.o(.constdata)
    S                                        0x080052b0   Data          40  sin_i.o(.constdata)
    .data                                    0x20000000   Section       32  main.o(.data)
    printed_once                             0x20000002   Data           1  main.o(.data)
    .data                                    0x20000020   Section     1690  can.o(.data)
    .data                                    0x200006ba   Section       14  usart.o(.data)
    .data                                    0x200006c8   Section      471  usart.o(.data)
    .data                                    0x200008a0   Section        2  usart.o(.data)
    .data                                    0x200008a2   Section        2  usart.o(.data)
    .data                                    0x200008a4   Section        2  usart.o(.data)
    .data                                    0x200008a6   Section        2  stm32f1xx_it.o(.data)
    .data                                    0x200008a8   Section       12  stm32f1xx_hal.o(.data)
    .data                                    0x200008b4   Section        4  system_stm32f1xx.o(.data)
    .data                                    0x200008b8   Section       52  pid.o(.data)
    .data                                    0x200008ec   Section        4  stdout.o(.data)
    .data                                    0x200008f0   Section        4  errno.o(.data)
    _errno                                   0x200008f0   Data           4  errno.o(.data)
    .bss                                     0x200008f4   Section       62  main.o(.bss)
    .bss                                     0x20000934   Section      200  can.o(.bss)
    .bss                                     0x200009fc   Section      168  i2c.o(.bss)
    .bss                                     0x20000aa4   Section       88  spi.o(.bss)
    .bss                                     0x20000afc   Section      144  tim.o(.bss)
    .bss                                     0x20000b8c   Section     1308  usart.o(.bss)
    tx_buffer                                0x20000b8c   Data        1100  usart.o(.bss)
    .bss                                     0x200010a8   Section      508  usart.o(.bss)
    .bss                                     0x200012a8   Section       32  stm32f1xx_hal_flash.o(.bss)
    .bss                                     0x200012c8   Section      136  pid.o(.bss)
    .bss                                     0x20001350   Section       36  pid.o(.bss)
    .bss                                     0x20001374   Section      500  rwflash.o(.bss)
    .bss                                     0x20001568   Section      500  rwflash.o(.bss)
    .bss                                     0x2000175c   Section      500  rwflash.o(.bss)
    STACK                                    0x20001950   Section     1024  startup_stm32f103xb.o(STACK)

    Global Symbols

    Symbol Name                              Value     Ov Type        Size  Object(Section)

    BuildAttributes$$THM_ISAv4$P$D$K$B$S$PE$A:L22UL41UL21$X:L11$S22US41US21$IEEE1$IW$USESV6$~STKCKD$USESV7$~SHL$OTIME$ROPI$IEEEX$EBA8$MICROLIB$REQ8$PRES8$EABIv2 0x00000000   Number         0  anon$$obj.o ABSOLUTE
    __ARM_use_no_argv                        0x00000000   Number         0  main.o ABSOLUTE
    _printf_a                                0x00000000   Number         0  stubs.o ABSOLUTE
    _printf_c                                0x00000000   Number         0  stubs.o ABSOLUTE
    _printf_charcount                        0x00000000   Number         0  stubs.o ABSOLUTE
    _printf_d                                0x00000000   Number         0  stubs.o ABSOLUTE
    _printf_e                                0x00000000   Number         0  stubs.o ABSOLUTE
    _printf_f                                0x00000000   Number         0  stubs.o ABSOLUTE
    _printf_flags                            0x00000000   Number         0  stubs.o ABSOLUTE
    _printf_fp_dec                           0x00000000   Number         0  stubs.o ABSOLUTE
    _printf_fp_hex                           0x00000000   Number         0  stubs.o ABSOLUTE
    _printf_g                                0x00000000   Number         0  stubs.o ABSOLUTE
    _printf_i                                0x00000000   Number         0  stubs.o ABSOLUTE
    _printf_int_dec                          0x00000000   Number         0  stubs.o ABSOLUTE
    _printf_l                                0x00000000   Number         0  stubs.o ABSOLUTE
    _printf_lc                               0x00000000   Number         0  stubs.o ABSOLUTE
    _printf_ll                               0x00000000   Number         0  stubs.o ABSOLUTE
    _printf_lld                              0x00000000   Number         0  stubs.o ABSOLUTE
    _printf_lli                              0x00000000   Number         0  stubs.o ABSOLUTE
    _printf_llo                              0x00000000   Number         0  stubs.o ABSOLUTE
    _printf_llu                              0x00000000   Number         0  stubs.o ABSOLUTE
    _printf_llx                              0x00000000   Number         0  stubs.o ABSOLUTE
    _printf_longlong_dec                     0x00000000   Number         0  stubs.o ABSOLUTE
    _printf_longlong_hex                     0x00000000   Number         0  stubs.o ABSOLUTE
    _printf_longlong_oct                     0x00000000   Number         0  stubs.o ABSOLUTE
    _printf_ls                               0x00000000   Number         0  stubs.o ABSOLUTE
    _printf_mbtowc                           0x00000000   Number         0  stubs.o ABSOLUTE
    _printf_n                                0x00000000   Number         0  stubs.o ABSOLUTE
    _printf_o                                0x00000000   Number         0  stubs.o ABSOLUTE
    _printf_p                                0x00000000   Number         0  stubs.o ABSOLUTE
    _printf_percent                          0x00000000   Number         0  stubs.o ABSOLUTE
    _printf_pre_padding                      0x00000000   Number         0  stubs.o ABSOLUTE
    _printf_return_value                     0x00000000   Number         0  stubs.o ABSOLUTE
    _printf_s                                0x00000000   Number         0  stubs.o ABSOLUTE
    _printf_sizespec                         0x00000000   Number         0  stubs.o ABSOLUTE
    _printf_str                              0x00000000   Number         0  stubs.o ABSOLUTE
    _printf_truncate_signed                  0x00000000   Number         0  stubs.o ABSOLUTE
    _printf_truncate_unsigned                0x00000000   Number         0  stubs.o ABSOLUTE
    _printf_u                                0x00000000   Number         0  stubs.o ABSOLUTE
    _printf_wc                               0x00000000   Number         0  stubs.o ABSOLUTE
    _printf_wctomb                           0x00000000   Number         0  stubs.o ABSOLUTE
    _printf_widthprec                        0x00000000   Number         0  stubs.o ABSOLUTE
    _printf_x                                0x00000000   Number         0  stubs.o ABSOLUTE
    __cpp_initialize__aeabi_                  - Undefined Weak Reference
    __cxa_finalize                            - Undefined Weak Reference
    _clock_init                               - Undefined Weak Reference
    _microlib_exit                            - Undefined Weak Reference
    __Vectors_Size                           0x000000ec   Number         0  startup_stm32f103xb.o ABSOLUTE
    __Vectors                                0x08000000   Data           4  startup_stm32f103xb.o(RESET)
    __Vectors_End                            0x080000ec   Data           0  startup_stm32f103xb.o(RESET)
    __main                                   0x080000ed   Thumb Code     0  entry.o(.ARM.Collect$$$$00000000)
    _main_stk                                0x080000ed   Thumb Code     0  entry2.o(.ARM.Collect$$$$00000001)
    _main_scatterload                        0x080000f1   Thumb Code     0  entry5.o(.ARM.Collect$$$$00000004)
    __main_after_scatterload                 0x080000f5   Thumb Code     0  entry5.o(.ARM.Collect$$$$00000004)
    _main_clock                              0x080000f5   Thumb Code     0  entry7b.o(.ARM.Collect$$$$00000008)
    _main_cpp_init                           0x080000f5   Thumb Code     0  entry8b.o(.ARM.Collect$$$$0000000A)
    _main_init                               0x080000f5   Thumb Code     0  entry9a.o(.ARM.Collect$$$$0000000B)
    __rt_final_cpp                           0x080000fd   Thumb Code     0  entry10a.o(.ARM.Collect$$$$0000000D)
    __rt_final_exit                          0x080000fd   Thumb Code     0  entry11a.o(.ARM.Collect$$$$0000000F)
    Reset_Handler                            0x08000101   Thumb Code     8  startup_stm32f103xb.o(.text)
    ADC1_2_IRQHandler                        0x0800011b   Thumb Code     0  startup_stm32f103xb.o(.text)
    CAN1_RX1_IRQHandler                      0x0800011b   Thumb Code     0  startup_stm32f103xb.o(.text)
    CAN1_SCE_IRQHandler                      0x0800011b   Thumb Code     0  startup_stm32f103xb.o(.text)
    DMA1_Channel1_IRQHandler                 0x0800011b   Thumb Code     0  startup_stm32f103xb.o(.text)
    DMA1_Channel2_IRQHandler                 0x0800011b   Thumb Code     0  startup_stm32f103xb.o(.text)
    DMA1_Channel3_IRQHandler                 0x0800011b   Thumb Code     0  startup_stm32f103xb.o(.text)
    DMA1_Channel6_IRQHandler                 0x0800011b   Thumb Code     0  startup_stm32f103xb.o(.text)
    DMA1_Channel7_IRQHandler                 0x0800011b   Thumb Code     0  startup_stm32f103xb.o(.text)
    EXTI0_IRQHandler                         0x0800011b   Thumb Code     0  startup_stm32f103xb.o(.text)
    EXTI15_10_IRQHandler                     0x0800011b   Thumb Code     0  startup_stm32f103xb.o(.text)
    EXTI1_IRQHandler                         0x0800011b   Thumb Code     0  startup_stm32f103xb.o(.text)
    EXTI2_IRQHandler                         0x0800011b   Thumb Code     0  startup_stm32f103xb.o(.text)
    EXTI3_IRQHandler                         0x0800011b   Thumb Code     0  startup_stm32f103xb.o(.text)
    EXTI4_IRQHandler                         0x0800011b   Thumb Code     0  startup_stm32f103xb.o(.text)
    EXTI9_5_IRQHandler                       0x0800011b   Thumb Code     0  startup_stm32f103xb.o(.text)
    FLASH_IRQHandler                         0x0800011b   Thumb Code     0  startup_stm32f103xb.o(.text)
    I2C1_ER_IRQHandler                       0x0800011b   Thumb Code     0  startup_stm32f103xb.o(.text)
    I2C1_EV_IRQHandler                       0x0800011b   Thumb Code     0  startup_stm32f103xb.o(.text)
    I2C2_ER_IRQHandler                       0x0800011b   Thumb Code     0  startup_stm32f103xb.o(.text)
    I2C2_EV_IRQHandler                       0x0800011b   Thumb Code     0  startup_stm32f103xb.o(.text)
    PVD_IRQHandler                           0x0800011b   Thumb Code     0  startup_stm32f103xb.o(.text)
    RCC_IRQHandler                           0x0800011b   Thumb Code     0  startup_stm32f103xb.o(.text)
    RTC_Alarm_IRQHandler                     0x0800011b   Thumb Code     0  startup_stm32f103xb.o(.text)
    RTC_IRQHandler                           0x0800011b   Thumb Code     0  startup_stm32f103xb.o(.text)
    SPI1_IRQHandler                          0x0800011b   Thumb Code     0  startup_stm32f103xb.o(.text)
    SPI2_IRQHandler                          0x0800011b   Thumb Code     0  startup_stm32f103xb.o(.text)
    TAMPER_IRQHandler                        0x0800011b   Thumb Code     0  startup_stm32f103xb.o(.text)
    TIM1_BRK_IRQHandler                      0x0800011b   Thumb Code     0  startup_stm32f103xb.o(.text)
    TIM1_CC_IRQHandler                       0x0800011b   Thumb Code     0  startup_stm32f103xb.o(.text)
    TIM1_TRG_COM_IRQHandler                  0x0800011b   Thumb Code     0  startup_stm32f103xb.o(.text)
    TIM1_UP_IRQHandler                       0x0800011b   Thumb Code     0  startup_stm32f103xb.o(.text)
    TIM4_IRQHandler                          0x0800011b   Thumb Code     0  startup_stm32f103xb.o(.text)
    USART2_IRQHandler                        0x0800011b   Thumb Code     0  startup_stm32f103xb.o(.text)
    USART3_IRQHandler                        0x0800011b   Thumb Code     0  startup_stm32f103xb.o(.text)
    USBWakeUp_IRQHandler                     0x0800011b   Thumb Code     0  startup_stm32f103xb.o(.text)
    USB_HP_CAN1_TX_IRQHandler                0x0800011b   Thumb Code     0  startup_stm32f103xb.o(.text)
    WWDG_IRQHandler                          0x0800011b   Thumb Code     0  startup_stm32f103xb.o(.text)
    __aeabi_llsr                             0x08000125   Thumb Code    32  llushr.o(.text)
    _ll_ushift_r                             0x08000125   Thumb Code     0  llushr.o(.text)
    __aeabi_memcpy                           0x08000145   Thumb Code    36  memcpya.o(.text)
    __aeabi_memcpy4                          0x08000145   Thumb Code     0  memcpya.o(.text)
    __aeabi_memcpy8                          0x08000145   Thumb Code     0  memcpya.o(.text)
    __aeabi_memset                           0x08000169   Thumb Code    14  memseta.o(.text)
    __aeabi_memset4                          0x08000169   Thumb Code     0  memseta.o(.text)
    __aeabi_memset8                          0x08000169   Thumb Code     0  memseta.o(.text)
    __aeabi_memclr                           0x08000177   Thumb Code     4  memseta.o(.text)
    __aeabi_memclr4                          0x08000177   Thumb Code     0  memseta.o(.text)
    __aeabi_memclr8                          0x08000177   Thumb Code     0  memseta.o(.text)
    _memset$wrapper                          0x0800017b   Thumb Code    18  memseta.o(.text)
    __aeabi_fadd                             0x0800018d   Thumb Code   164  fadd.o(.text)
    __aeabi_fsub                             0x08000231   Thumb Code     6  fadd.o(.text)
    __aeabi_frsub                            0x08000237   Thumb Code     6  fadd.o(.text)
    __aeabi_fmul                             0x0800023d   Thumb Code   100  fmul.o(.text)
    __aeabi_fdiv                             0x080002a1   Thumb Code   124  fdiv.o(.text)
    __aeabi_dadd                             0x0800031d   Thumb Code   322  dadd.o(.text)
    __aeabi_dsub                             0x0800045f   Thumb Code     6  dadd.o(.text)
    __aeabi_drsub                            0x08000465   Thumb Code     6  dadd.o(.text)
    __aeabi_dmul                             0x0800046b   Thumb Code   228  dmul.o(.text)
    __aeabi_ddiv                             0x0800054f   Thumb Code   222  ddiv.o(.text)
    __ARM_scalbn                             0x0800062d   Thumb Code    46  dscalb.o(.text)
    scalbn                                   0x0800062d   Thumb Code     0  dscalb.o(.text)
    __aeabi_i2f                              0x0800065b   Thumb Code    18  fflti.o(.text)
    __aeabi_ui2f                             0x0800066d   Thumb Code    10  ffltui.o(.text)
    __aeabi_f2iz                             0x08000677   Thumb Code    50  ffixi.o(.text)
    __aeabi_f2d                              0x080006a9   Thumb Code    38  f2d.o(.text)
    __aeabi_d2f                              0x080006cf   Thumb Code    56  d2f.o(.text)
    __aeabi_cfrcmple                         0x08000709   Thumb Code    20  cfrcmple.o(.text)
    __aeabi_uldivmod                         0x0800071d   Thumb Code    98  uldiv.o(.text)
    __aeabi_llsl                             0x0800077f   Thumb Code    30  llshl.o(.text)
    _ll_shift_l                              0x0800077f   Thumb Code     0  llshl.o(.text)
    __aeabi_lasr                             0x0800079d   Thumb Code    36  llsshr.o(.text)
    _ll_sshift_r                             0x0800079d   Thumb Code     0  llsshr.o(.text)
    __I$use$fp                               0x080007c1   Thumb Code     0  iusefp.o(.text)
    _float_round                             0x080007c1   Thumb Code    18  fepilogue.o(.text)
    _float_epilogue                          0x080007d3   Thumb Code    92  fepilogue.o(.text)
    _double_round                            0x0800082f   Thumb Code    30  depilogue.o(.text)
    _double_epilogue                         0x0800084d   Thumb Code   156  depilogue.o(.text)
    __scatterload                            0x080008e9   Thumb Code    28  init.o(.text)
    __scatterload_rt2                        0x080008e9   Thumb Code     0  init.o(.text)
    _dsqrt                                   0x0800090d   Thumb Code   162  dsqrt.o(.text)
    __aeabi_i2d                              0x080009af   Thumb Code    34  dflti.o(.text)
    __aeabi_ui2d                             0x080009d1   Thumb Code    26  dfltui.o(.text)
    __aeabi_d2iz                             0x080009eb   Thumb Code    62  dfixi.o(.text)
    __decompress                             0x08000a29   Thumb Code     0  __dczerorl2.o(.text)
    __decompress1                            0x08000a29   Thumb Code    86  __dczerorl2.o(.text)
    BusFault_Handler                         0x08000a7f   Thumb Code     2  stm32f1xx_it.o(i.BusFault_Handler)
    CAN_LKMotor_Recive_Data                  0x08000a81   Thumb Code   212  can.o(i.CAN_LKMotor_Recive_Data)
    CAN_LKMotor_speed                        0x08000b71   Thumb Code    92  can.o(i.CAN_LKMotor_speed)
    DMA1_Channel4_IRQHandler                 0x08000bd5   Thumb Code     6  stm32f1xx_it.o(i.DMA1_Channel4_IRQHandler)
    DMA1_Channel5_IRQHandler                 0x08000be1   Thumb Code     6  stm32f1xx_it.o(i.DMA1_Channel5_IRQHandler)
    DMA_Send_Packet                          0x08000bed   Thumb Code   108  usart.o(i.DMA_Send_Packet)
    DebugMon_Handler                         0x08000c93   Thumb Code     2  stm32f1xx_it.o(i.DebugMon_Handler)
    Error_Handler                            0x08000c95   Thumb Code     4  main.o(i.Error_Handler)
    FLASH_PageErase                          0x08000cbd   Thumb Code    28  stm32f1xx_hal_flash_ex.o(i.FLASH_PageErase)
    FLASH_WaitForLastOperation               0x08000d59   Thumb Code    80  stm32f1xx_hal_flash.o(i.FLASH_WaitForLastOperation)
    Flash_ErasePage                          0x08000dad   Thumb Code    38  pid.o(i.Flash_ErasePage)
    Flash_Read                               0x08000dd3   Thumb Code    20  rwflash.o(i.Flash_Read)
    Flash_ReadFloat                          0x08000de9   Thumb Code     6  pid.o(i.Flash_ReadFloat)
    Flash_Write                              0x08000df5   Thumb Code    74  rwflash.o(i.Flash_Write)
    Flash_WriteFloat                         0x08000e41   Thumb Code    38  pid.o(i.Flash_WriteFloat)
    HAL_CAN_ActivateNotification             0x08000e6d   Thumb Code    36  stm32f1xx_hal_can.o(i.HAL_CAN_ActivateNotification)
    HAL_CAN_AddTxMessage                     0x08000e91   Thumb Code   188  stm32f1xx_hal_can.o(i.HAL_CAN_AddTxMessage)
    HAL_CAN_ConfigFilter                     0x08000f4d   Thumb Code   236  stm32f1xx_hal_can.o(i.HAL_CAN_ConfigFilter)
    HAL_CAN_ErrorCallback                    0x08001039   Thumb Code     2  stm32f1xx_hal_can.o(i.HAL_CAN_ErrorCallback)
    HAL_CAN_GetRxMessage                     0x0800103b   Thumb Code   244  stm32f1xx_hal_can.o(i.HAL_CAN_GetRxMessage)
    HAL_CAN_IRQHandler                       0x0800112f   Thumb Code   508  stm32f1xx_hal_can.o(i.HAL_CAN_IRQHandler)
    HAL_CAN_Init                             0x0800132b   Thumb Code   282  stm32f1xx_hal_can.o(i.HAL_CAN_Init)
    HAL_CAN_MspInit                          0x08001445   Thumb Code   112  can.o(i.HAL_CAN_MspInit)
    HAL_CAN_RxFifo0FullCallback              0x080014c1   Thumb Code     2  stm32f1xx_hal_can.o(i.HAL_CAN_RxFifo0FullCallback)
    HAL_CAN_RxFifo0MsgPendingCallback        0x080014c5   Thumb Code    64  can.o(i.HAL_CAN_RxFifo0MsgPendingCallback)
    HAL_CAN_RxFifo1FullCallback              0x08001515   Thumb Code     2  stm32f1xx_hal_can.o(i.HAL_CAN_RxFifo1FullCallback)
    HAL_CAN_RxFifo1MsgPendingCallback        0x08001517   Thumb Code     2  stm32f1xx_hal_can.o(i.HAL_CAN_RxFifo1MsgPendingCallback)
    HAL_CAN_SleepCallback                    0x08001519   Thumb Code     2  stm32f1xx_hal_can.o(i.HAL_CAN_SleepCallback)
    HAL_CAN_Start                            0x0800151b   Thumb Code    86  stm32f1xx_hal_can.o(i.HAL_CAN_Start)
    HAL_CAN_TxMailbox0AbortCallback          0x08001571   Thumb Code     2  stm32f1xx_hal_can.o(i.HAL_CAN_TxMailbox0AbortCallback)
    HAL_CAN_TxMailbox0CompleteCallback       0x08001573   Thumb Code     2  stm32f1xx_hal_can.o(i.HAL_CAN_TxMailbox0CompleteCallback)
    HAL_CAN_TxMailbox1AbortCallback          0x08001575   Thumb Code     2  stm32f1xx_hal_can.o(i.HAL_CAN_TxMailbox1AbortCallback)
    HAL_CAN_TxMailbox1CompleteCallback       0x08001577   Thumb Code     2  stm32f1xx_hal_can.o(i.HAL_CAN_TxMailbox1CompleteCallback)
    HAL_CAN_TxMailbox2AbortCallback          0x08001579   Thumb Code     2  stm32f1xx_hal_can.o(i.HAL_CAN_TxMailbox2AbortCallback)
    HAL_CAN_TxMailbox2CompleteCallback       0x0800157b   Thumb Code     2  stm32f1xx_hal_can.o(i.HAL_CAN_TxMailbox2CompleteCallback)
    HAL_CAN_WakeUpFromRxMsgCallback          0x0800157d   Thumb Code     2  stm32f1xx_hal_can.o(i.HAL_CAN_WakeUpFromRxMsgCallback)
    HAL_DMA_Abort                            0x0800157f   Thumb Code    70  stm32f1xx_hal_dma.o(i.HAL_DMA_Abort)
    HAL_DMA_Abort_IT                         0x080015c5   Thumb Code   148  stm32f1xx_hal_dma.o(i.HAL_DMA_Abort_IT)
    HAL_DMA_IRQHandler                       0x0800165d   Thumb Code   320  stm32f1xx_hal_dma.o(i.HAL_DMA_IRQHandler)
    HAL_DMA_Init                             0x080017b5   Thumb Code    84  stm32f1xx_hal_dma.o(i.HAL_DMA_Init)
    HAL_DMA_Start_IT                         0x08001811   Thumb Code   112  stm32f1xx_hal_dma.o(i.HAL_DMA_Start_IT)
    HAL_FLASHEx_Erase                        0x08001881   Thumb Code   160  stm32f1xx_hal_flash_ex.o(i.HAL_FLASHEx_Erase)
    HAL_FLASH_Lock                           0x08001929   Thumb Code    14  stm32f1xx_hal_flash.o(i.HAL_FLASH_Lock)
    HAL_FLASH_Program                        0x0800193d   Thumb Code   122  stm32f1xx_hal_flash.o(i.HAL_FLASH_Program)
    HAL_FLASH_Unlock                         0x080019c1   Thumb Code    28  stm32f1xx_hal_flash.o(i.HAL_FLASH_Unlock)
    HAL_GPIO_Init                            0x080019e9   Thumb Code   426  stm32f1xx_hal_gpio.o(i.HAL_GPIO_Init)
    HAL_GPIO_TogglePin                       0x08001bb5   Thumb Code    16  stm32f1xx_hal_gpio.o(i.HAL_GPIO_TogglePin)
    HAL_GPIO_WritePin                        0x08001bc5   Thumb Code    10  stm32f1xx_hal_gpio.o(i.HAL_GPIO_WritePin)
    HAL_GetTick                              0x08001bd1   Thumb Code     6  stm32f1xx_hal.o(i.HAL_GetTick)
    HAL_GetUIDw0                             0x08001bdd   Thumb Code     6  stm32f1xx_hal.o(i.HAL_GetUIDw0)
    HAL_GetUIDw1                             0x08001be9   Thumb Code     6  stm32f1xx_hal.o(i.HAL_GetUIDw1)
    HAL_GetUIDw2                             0x08001bf5   Thumb Code     6  stm32f1xx_hal.o(i.HAL_GetUIDw2)
    HAL_I2C_Init                             0x08001c01   Thumb Code   376  stm32f1xx_hal_i2c.o(i.HAL_I2C_Init)
    HAL_I2C_MspInit                          0x08001d89   Thumb Code   134  i2c.o(i.HAL_I2C_MspInit)
    HAL_IncTick                              0x08001e21   Thumb Code    12  stm32f1xx_hal.o(i.HAL_IncTick)
    HAL_Init                                 0x08001e31   Thumb Code    32  stm32f1xx_hal.o(i.HAL_Init)
    HAL_InitTick                             0x08001e55   Thumb Code    54  stm32f1xx_hal.o(i.HAL_InitTick)
    HAL_MspInit                              0x08001e95   Thumb Code    52  stm32f1xx_hal_msp.o(i.HAL_MspInit)
    HAL_NVIC_EnableIRQ                       0x08001ed1   Thumb Code    26  stm32f1xx_hal_cortex.o(i.HAL_NVIC_EnableIRQ)
    HAL_NVIC_SetPriority                     0x08001eed   Thumb Code    60  stm32f1xx_hal_cortex.o(i.HAL_NVIC_SetPriority)
    HAL_NVIC_SetPriorityGrouping             0x08001f2d   Thumb Code    26  stm32f1xx_hal_cortex.o(i.HAL_NVIC_SetPriorityGrouping)
    HAL_RCC_ClockConfig                      0x08001f51   Thumb Code   292  stm32f1xx_hal_rcc.o(i.HAL_RCC_ClockConfig)
    HAL_RCC_GetPCLK1Freq                     0x08002089   Thumb Code    20  stm32f1xx_hal_rcc.o(i.HAL_RCC_GetPCLK1Freq)
    HAL_RCC_GetPCLK2Freq                     0x080020a9   Thumb Code    20  stm32f1xx_hal_rcc.o(i.HAL_RCC_GetPCLK2Freq)
    HAL_RCC_GetSysClockFreq                  0x080020c9   Thumb Code    58  stm32f1xx_hal_rcc.o(i.HAL_RCC_GetSysClockFreq)
    HAL_RCC_OscConfig                        0x08002115   Thumb Code   770  stm32f1xx_hal_rcc.o(i.HAL_RCC_OscConfig)
    HAL_SPI_Init                             0x0800242d   Thumb Code   178  stm32f1xx_hal_spi.o(i.HAL_SPI_Init)
    HAL_SPI_MspInit                          0x080024e1   Thumb Code    80  spi.o(i.HAL_SPI_MspInit)
    HAL_SYSTICK_Config                       0x0800253d   Thumb Code    40  stm32f1xx_hal_cortex.o(i.HAL_SYSTICK_Config)
    HAL_TIMEx_BreakCallback                  0x08002565   Thumb Code     2  stm32f1xx_hal_tim_ex.o(i.HAL_TIMEx_BreakCallback)
    HAL_TIMEx_CommutCallback                 0x08002567   Thumb Code     2  stm32f1xx_hal_tim_ex.o(i.HAL_TIMEx_CommutCallback)
    HAL_TIMEx_MasterConfigSynchronization    0x08002569   Thumb Code    92  stm32f1xx_hal_tim_ex.o(i.HAL_TIMEx_MasterConfigSynchronization)
    HAL_TIM_Base_Init                        0x080025d1   Thumb Code    90  stm32f1xx_hal_tim.o(i.HAL_TIM_Base_Init)
    HAL_TIM_Base_MspInit                     0x0800262d   Thumb Code    86  tim.o(i.HAL_TIM_Base_MspInit)
    HAL_TIM_Base_Start_IT                    0x0800268d   Thumb Code    76  stm32f1xx_hal_tim.o(i.HAL_TIM_Base_Start_IT)
    HAL_TIM_ConfigClockSource                0x080026e5   Thumb Code   220  stm32f1xx_hal_tim.o(i.HAL_TIM_ConfigClockSource)
    HAL_TIM_IC_CaptureCallback               0x080027c1   Thumb Code     2  stm32f1xx_hal_tim.o(i.HAL_TIM_IC_CaptureCallback)
    HAL_TIM_IRQHandler                       0x080027c3   Thumb Code   304  stm32f1xx_hal_tim.o(i.HAL_TIM_IRQHandler)
    HAL_TIM_OC_DelayElapsedCallback          0x080028f3   Thumb Code     2  stm32f1xx_hal_tim.o(i.HAL_TIM_OC_DelayElapsedCallback)
    HAL_TIM_PWM_PulseFinishedCallback        0x080028f5   Thumb Code     2  stm32f1xx_hal_tim.o(i.HAL_TIM_PWM_PulseFinishedCallback)
    HAL_TIM_PeriodElapsedCallback            0x080028f9   Thumb Code   126  main.o(i.HAL_TIM_PeriodElapsedCallback)
    HAL_TIM_TriggerCallback                  0x08002989   Thumb Code     2  stm32f1xx_hal_tim.o(i.HAL_TIM_TriggerCallback)
    HAL_UARTEx_RxEventCallback               0x0800298b   Thumb Code     2  stm32f1xx_hal_uart.o(i.HAL_UARTEx_RxEventCallback)
    HAL_UART_DMAStop                         0x0800298d   Thumb Code   112  stm32f1xx_hal_uart.o(i.HAL_UART_DMAStop)
    HAL_UART_ErrorCallback                   0x080029fd   Thumb Code     2  stm32f1xx_hal_uart.o(i.HAL_UART_ErrorCallback)
    HAL_UART_GetState                        0x080029ff   Thumb Code    10  stm32f1xx_hal_uart.o(i.HAL_UART_GetState)
    HAL_UART_IRQHandler                      0x08002a09   Thumb Code   616  stm32f1xx_hal_uart.o(i.HAL_UART_IRQHandler)
    HAL_UART_Init                            0x08002c75   Thumb Code   100  stm32f1xx_hal_uart.o(i.HAL_UART_Init)
    HAL_UART_MspInit                         0x08002cd9   Thumb Code   204  usart.o(i.HAL_UART_MspInit)
    HAL_UART_Receive_DMA                     0x08002db9   Thumb Code    28  stm32f1xx_hal_uart.o(i.HAL_UART_Receive_DMA)
    HAL_UART_RxCpltCallback                  0x08002dd5   Thumb Code     2  stm32f1xx_hal_uart.o(i.HAL_UART_RxCpltCallback)
    HAL_UART_RxHalfCpltCallback              0x08002dd7   Thumb Code     2  stm32f1xx_hal_uart.o(i.HAL_UART_RxHalfCpltCallback)
    HAL_UART_Transmit                        0x08002dd9   Thumb Code   160  stm32f1xx_hal_uart.o(i.HAL_UART_Transmit)
    HAL_UART_Transmit_DMA                    0x08002e79   Thumb Code   110  stm32f1xx_hal_uart.o(i.HAL_UART_Transmit_DMA)
    HAL_UART_TxCpltCallback                  0x08002ef5   Thumb Code     2  stm32f1xx_hal_uart.o(i.HAL_UART_TxCpltCallback)
    HAL_UART_TxHalfCpltCallback              0x08002ef7   Thumb Code     2  stm32f1xx_hal_uart.o(i.HAL_UART_TxHalfCpltCallback)
    HardFault_Handler                        0x08002ef9   Thumb Code     2  stm32f1xx_it.o(i.HardFault_Handler)
    MX_CAN_Init                              0x08002efd   Thumb Code   122  can.o(i.MX_CAN_Init)
    MX_DMA_Init                              0x08002f81   Thumb Code    56  dma.o(i.MX_DMA_Init)
    MX_GPIO_Init                             0x08002fbd   Thumb Code   164  gpio.o(i.MX_GPIO_Init)
    MX_I2C1_Init                             0x0800306d   Thumb Code    50  i2c.o(i.MX_I2C1_Init)
    MX_I2C2_Init                             0x080030ad   Thumb Code    50  i2c.o(i.MX_I2C2_Init)
    MX_SPI1_Init                             0x080030ed   Thumb Code    68  spi.o(i.MX_SPI1_Init)
    MX_TIM2_Init                             0x08003139   Thumb Code    98  tim.o(i.MX_TIM2_Init)
    MX_TIM3_Init                             0x080031a1   Thumb Code    94  tim.o(i.MX_TIM3_Init)
    MX_USART1_UART_Init                      0x08003209   Thumb Code    48  usart.o(i.MX_USART1_UART_Init)
    MemManage_Handler                        0x08003241   Thumb Code     2  stm32f1xx_it.o(i.MemManage_Handler)
    NMI_Handler                              0x08003243   Thumb Code     2  stm32f1xx_it.o(i.NMI_Handler)
    PendSV_Handler                           0x08003245   Thumb Code     2  stm32f1xx_it.o(i.PendSV_Handler)
    SVC_Handler                              0x08003247   Thumb Code     2  stm32f1xx_it.o(i.SVC_Handler)
    SysTick_Handler                          0x08003249   Thumb Code     4  stm32f1xx_it.o(i.SysTick_Handler)
    SystemClock_Config                       0x0800324d   Thumb Code    92  main.o(i.SystemClock_Config)
    SystemInit                               0x080032a9   Thumb Code     2  system_stm32f1xx.o(i.SystemInit)
    TIM2_IRQHandler                          0x080032ad   Thumb Code     6  stm32f1xx_it.o(i.TIM2_IRQHandler)
    TIM3_IRQHandler                          0x080032b9   Thumb Code     6  stm32f1xx_it.o(i.TIM3_IRQHandler)
    TIM_Base_SetConfig                       0x080032c5   Thumb Code   108  stm32f1xx_hal_tim.o(i.TIM_Base_SetConfig)
    TIM_ETR_SetConfig                        0x0800333d   Thumb Code    20  stm32f1xx_hal_tim.o(i.TIM_ETR_SetConfig)
    UART_Start_Receive_DMA                   0x080036d5   Thumb Code   134  stm32f1xx_hal_uart.o(i.UART_Start_Receive_DMA)
    UART_Transmit_DMA                        0x08003769   Thumb Code    30  usart.o(i.UART_Transmit_DMA)
    USART1_IRQHandler                        0x080037fd   Thumb Code   602  stm32f1xx_it.o(i.USART1_IRQHandler)
    USB_LP_CAN1_RX0_IRQHandler               0x08003a99   Thumb Code     6  stm32f1xx_it.o(i.USB_LP_CAN1_RX0_IRQHandler)
    UsageFault_Handler                       0x08003aa5   Thumb Code     2  stm32f1xx_it.o(i.UsageFault_Handler)
    __0printf$8                              0x08003aa9   Thumb Code    22  printf8.o(i.__0printf$8)
    __1printf$8                              0x08003aa9   Thumb Code     0  printf8.o(i.__0printf$8)
    __2printf                                0x08003aa9   Thumb Code     0  printf8.o(i.__0printf$8)
    __0sprintf$8                             0x08003ac9   Thumb Code    34  printf8.o(i.__0sprintf$8)
    __1sprintf$8                             0x08003ac9   Thumb Code     0  printf8.o(i.__0sprintf$8)
    __2sprintf                               0x08003ac9   Thumb Code     0  printf8.o(i.__0sprintf$8)
    __ARM_fpclassify                         0x08003af1   Thumb Code    40  fpclassify.o(i.__ARM_fpclassify)
    __ieee754_rem_pio2                       0x08003b39   Thumb Code   828  rred.o(i.__ieee754_rem_pio2)
    __kernel_cos                             0x08003ec1   Thumb Code   230  cos_i.o(i.__kernel_cos)
    __kernel_poly                            0x08003fbd   Thumb Code   170  poly.o(i.__kernel_poly)
    __kernel_sin                             0x08004069   Thumb Code   224  sin_i.o(i.__kernel_sin)
    __mathlib_dbl_infnan                     0x08004155   Thumb Code     6  dunder.o(i.__mathlib_dbl_infnan)
    __mathlib_dbl_invalid                    0x0800415b   Thumb Code    12  dunder.o(i.__mathlib_dbl_invalid)
    __mathlib_dbl_underflow                  0x08004169   Thumb Code    10  dunder.o(i.__mathlib_dbl_underflow)
    __scatterload_copy                       0x08004179   Thumb Code    14  handlers.o(i.__scatterload_copy)
    __scatterload_null                       0x08004187   Thumb Code     2  handlers.o(i.__scatterload_null)
    __scatterload_zeroinit                   0x08004189   Thumb Code    14  handlers.o(i.__scatterload_zeroinit)
    __set_errno                              0x08004199   Thumb Code     6  errno.o(i.__set_errno)
    acos                                     0x08004611   Thumb Code   574  acos.o(i.acos)
    cos                                      0x0800488d   Thumb Code   148  cos.o(i.cos)
    distanceToAngle                          0x08004929   Thumb Code   108  pid.o(i.distanceToAngle)
    distance_to_motor_turns                  0x080049c1   Thumb Code   104  pid.o(i.distance_to_motor_turns)
    fputc                                    0x08004a51   Thumb Code    20  usart.o(i.fputc)
    is_mcuid_received                        0x08004a69   Thumb Code    42  usart.o(i.is_mcuid_received)
    main                                     0x08004a95   Thumb Code   910  main.o(i.main)
    motor_turns_to_distance                  0x08004ef5   Thumb Code    86  pid.o(i.motor_turns_to_distance)
    pid_calc                                 0x08004f71   Thumb Code   220  pid.o(i.pid_calc)
    pid_count                                0x0800504d   Thumb Code    64  pid.o(i.pid_count)
    pid_init_all                             0x08005099   Thumb Code    56  pid.o(i.pid_init_all)
    pid_initw                                0x080050dd   Thumb Code    16  pid.o(i.pid_initw)
    sqrt                                     0x080050ed   Thumb Code    76  sqrt.o(i.sqrt)
    AHBPrescTable                            0x0800514a   Data          16  system_stm32f1xx.o(.constdata)
    APBPrescTable                            0x0800515a   Data           8  system_stm32f1xx.o(.constdata)
    Region$$Table$$Base                      0x080052d8   Number         0  anon$$obj.o(Region$$Table)
    Region$$Table$$Limit                     0x080052f8   Number         0  anon$$obj.o(Region$$Table)
    zero_found                               0x20000000   Data           1  main.o(.data)
    max_found                                0x20000001   Data           1  main.o(.data)
    Key_State                                0x20000003   Data           1  main.o(.data)
    can_recv_count                           0x20000004   Data           2  main.o(.data)
    len                                      0x20000006   Data           2  main.o(.data)
    MG4005MotorInit                          0x20000008   Data           4  main.o(.data)
    last_angle_for_stall                     0x2000000c   Data           4  main.o(.data)
    MG4005MotorMax                           0x20000010   Data           4  main.o(.data)
    stall_start_time                         0x20000014   Data           4  main.o(.data)
    stall_count                              0x20000018   Data           4  main.o(.data)
    Calibration_angle                        0x2000001c   Data           4  main.o(.data)
    angle_first                              0x20000020   Data           4  can.o(.data)
    feedback_n                               0x20000024   Data           4  can.o(.data)
    TxMailbox                                0x20000028   Data           4  can.o(.data)
    MG4005_send_pose                         0x2000002c   Data           6  can.o(.data)
    RxData                                   0x20000032   Data           8  can.o(.data)
    MG4005_Send                              0x2000003a   Data           8  can.o(.data)
    gripper_lookup_table                     0x20000042   Data        1656  can.o(.data)
    TxBuffer_drive                           0x200006ba   Data          14  usart.o(.data)
    TxBuffer_all                             0x200006c8   Data         471  usart.o(.data)
    TxBuffer_driveLength                     0x200008a0   Data           2  usart.o(.data)
    TxBuffer_allLength                       0x200008a2   Data           2  usart.o(.data)
    rxLength                                 0x200008a4   Data           2  usart.o(.data)
    camera_length                            0x200008a6   Data           2  stm32f1xx_it.o(.data)
    uwTickFreq                               0x200008a8   Data           1  stm32f1xx_hal.o(.data)
    uwTickPrio                               0x200008ac   Data           4  stm32f1xx_hal.o(.data)
    uwTick                                   0x200008b0   Data           4  stm32f1xx_hal.o(.data)
    SystemCoreClock                          0x200008b4   Data           4  system_stm32f1xx.o(.data)
    DISTANCE_MAX                             0x200008b8   Data           4  pid.o(.data)
    ANGLE_MAX                                0x200008bc   Data           4  pid.o(.data)
    target_n                                 0x200008c0   Data           4  pid.o(.data)
    motor_4005_angle                         0x200008c4   Data          20  pid.o(.data)
    motor_4005_speed                         0x200008d8   Data          20  pid.o(.data)
    __stdout                                 0x200008ec   Data           4  stdout.o(.data)
    uid                                      0x200008f4   Data          12  main.o(.bss)
    msg                                      0x20000900   Data          50  main.o(.bss)
    TxHeader                                 0x20000934   Data          24  can.o(.bss)
    RxHeader                                 0x2000094c   Data          28  can.o(.bss)
    MG4005Motor                              0x20000968   Data          67  can.o(.bss)
    canFilter                                0x200009ac   Data          40  can.o(.bss)
    hcan                                     0x200009d4   Data          40  can.o(.bss)
    hi2c1                                    0x200009fc   Data          84  i2c.o(.bss)
    hi2c2                                    0x20000a50   Data          84  i2c.o(.bss)
    hspi1                                    0x20000aa4   Data          88  spi.o(.bss)
    htim2                                    0x20000afc   Data          72  tim.o(.bss)
    htim3                                    0x20000b44   Data          72  tim.o(.bss)
    huart1                                   0x20000fd8   Data          72  usart.o(.bss)
    hdma_usart1_rx                           0x20001020   Data          68  usart.o(.bss)
    hdma_usart1_tx                           0x20001064   Data          68  usart.o(.bss)
    rxBuffer                                 0x200010a8   Data         508  usart.o(.bss)
    pFlash                                   0x200012a8   Data          32  stm32f1xx_hal_flash.o(.bss)
    PID_4005_angle                           0x200012c8   Data          68  pid.o(.bss)
    PID_4005_speed                           0x2000130c   Data          68  pid.o(.bss)
    ALLflag                                  0x20001350   Data          36  pid.o(.bss)
    Lcamera_buffer                           0x20001374   Data         500  rwflash.o(.bss)
    Ccamera_buffer                           0x20001568   Data         500  rwflash.o(.bss)
    Rcamera_buffer                           0x2000175c   Data         500  rwflash.o(.bss)
    __initial_sp                             0x20001d50   Data           0  startup_stm32f103xb.o(STACK)



==============================================================================

Memory Map of the image

  Image Entry point : 0x080000ed

  Load Region LR_IROM1 (Base: 0x08000000, Size: 0x00005bec, Max: 0x00010000, ABSOLUTE, COMPRESSED[0x000058c8])

    Execution Region ER_IROM1 (Exec base: 0x08000000, Load base: 0x08000000, Size: 0x000052f8, Max: 0x00010000, ABSOLUTE)

    Exec Addr    Load Addr    Size         Type   Attr      Idx    E Section Name        Object

    0x08000000   0x08000000   0x000000ec   Data   RO            3    RESET               startup_stm32f103xb.o
    0x080000ec   0x080000ec   0x00000000   Code   RO         4426  * .ARM.Collect$$$$00000000  mc_w.l(entry.o)
    0x080000ec   0x080000ec   0x00000004   Code   RO         4785    .ARM.Collect$$$$00000001  mc_w.l(entry2.o)
    0x080000f0   0x080000f0   0x00000004   Code   RO         4788    .ARM.Collect$$$$00000004  mc_w.l(entry5.o)
    0x080000f4   0x080000f4   0x00000000   Code   RO         4790    .ARM.Collect$$$$00000008  mc_w.l(entry7b.o)
    0x080000f4   0x080000f4   0x00000000   Code   RO         4792    .ARM.Collect$$$$0000000A  mc_w.l(entry8b.o)
    0x080000f4   0x080000f4   0x00000008   Code   RO         4793    .ARM.Collect$$$$0000000B  mc_w.l(entry9a.o)
    0x080000fc   0x080000fc   0x00000000   Code   RO         4795    .ARM.Collect$$$$0000000D  mc_w.l(entry10a.o)
    0x080000fc   0x080000fc   0x00000000   Code   RO         4797    .ARM.Collect$$$$0000000F  mc_w.l(entry11a.o)
    0x080000fc   0x080000fc   0x00000004   Code   RO         4786    .ARM.Collect$$$$00002712  mc_w.l(entry2.o)
    0x08000100   0x08000100   0x00000024   Code   RO            4    .text               startup_stm32f103xb.o
    0x08000124   0x08000124   0x00000020   Code   RO         4429    .text               mc_w.l(llushr.o)
    0x08000144   0x08000144   0x00000024   Code   RO         4431    .text               mc_w.l(memcpya.o)
    0x08000168   0x08000168   0x00000024   Code   RO         4433    .text               mc_w.l(memseta.o)
    0x0800018c   0x0800018c   0x000000b0   Code   RO         4698    .text               mf_w.l(fadd.o)
    0x0800023c   0x0800023c   0x00000064   Code   RO         4700    .text               mf_w.l(fmul.o)
    0x080002a0   0x080002a0   0x0000007c   Code   RO         4702    .text               mf_w.l(fdiv.o)
    0x0800031c   0x0800031c   0x0000014e   Code   RO         4706    .text               mf_w.l(dadd.o)
    0x0800046a   0x0800046a   0x000000e4   Code   RO         4708    .text               mf_w.l(dmul.o)
    0x0800054e   0x0800054e   0x000000de   Code   RO         4710    .text               mf_w.l(ddiv.o)
    0x0800062c   0x0800062c   0x0000002e   Code   RO         4712    .text               mf_w.l(dscalb.o)
    0x0800065a   0x0800065a   0x00000012   Code   RO         4714    .text               mf_w.l(fflti.o)
    0x0800066c   0x0800066c   0x0000000a   Code   RO         4716    .text               mf_w.l(ffltui.o)
    0x08000676   0x08000676   0x00000032   Code   RO         4718    .text               mf_w.l(ffixi.o)
    0x080006a8   0x080006a8   0x00000026   Code   RO         4720    .text               mf_w.l(f2d.o)
    0x080006ce   0x080006ce   0x00000038   Code   RO         4722    .text               mf_w.l(d2f.o)
    0x08000706   0x08000706   0x00000002   PAD
    0x08000708   0x08000708   0x00000014   Code   RO         4726    .text               mf_w.l(cfrcmple.o)
    0x0800071c   0x0800071c   0x00000062   Code   RO         4802    .text               mc_w.l(uldiv.o)
    0x0800077e   0x0800077e   0x0000001e   Code   RO         4804    .text               mc_w.l(llshl.o)
    0x0800079c   0x0800079c   0x00000024   Code   RO         4806    .text               mc_w.l(llsshr.o)
    0x080007c0   0x080007c0   0x00000000   Code   RO         4815    .text               mc_w.l(iusefp.o)
    0x080007c0   0x080007c0   0x0000006e   Code   RO         4816    .text               mf_w.l(fepilogue.o)
    0x0800082e   0x0800082e   0x000000ba   Code   RO         4822    .text               mf_w.l(depilogue.o)
    0x080008e8   0x080008e8   0x00000024   Code   RO         4830    .text               mc_w.l(init.o)
    0x0800090c   0x0800090c   0x000000a2   Code   RO         4832    .text               mf_w.l(dsqrt.o)
    0x080009ae   0x080009ae   0x00000022   Code   RO         4834    .text               mf_w.l(dflti.o)
    0x080009d0   0x080009d0   0x0000001a   Code   RO         4836    .text               mf_w.l(dfltui.o)
    0x080009ea   0x080009ea   0x0000003e   Code   RO         4838    .text               mf_w.l(dfixi.o)
    0x08000a28   0x08000a28   0x00000056   Code   RO         4850    .text               mc_w.l(__dczerorl2.o)
    0x08000a7e   0x08000a7e   0x00000002   Code   RO          718    i.BusFault_Handler  stm32f1xx_it.o
    0x08000a80   0x08000a80   0x000000f0   Code   RO          356    i.CAN_LKMotor_Recive_Data  can.o
    0x08000b70   0x08000b70   0x00000064   Code   RO          357    i.CAN_LKMotor_speed  can.o
    0x08000bd4   0x08000bd4   0x0000000c   Code   RO          719    i.DMA1_Channel4_IRQHandler  stm32f1xx_it.o
    0x08000be0   0x08000be0   0x0000000c   Code   RO          720    i.DMA1_Channel5_IRQHandler  stm32f1xx_it.o
    0x08000bec   0x08000bec   0x0000007c   Code   RO          614    i.DMA_Send_Packet   usart.o
    0x08000c68   0x08000c68   0x0000002a   Code   RO         1487    i.DMA_SetConfig     stm32f1xx_hal_dma.o
    0x08000c92   0x08000c92   0x00000002   Code   RO          721    i.DebugMon_Handler  stm32f1xx_it.o
    0x08000c94   0x08000c94   0x00000004   Code   RO          222    i.Error_Handler     main.o
    0x08000c98   0x08000c98   0x00000024   Code   RO         1927    i.FLASH_MassErase   stm32f1xx_hal_flash_ex.o
    0x08000cbc   0x08000cbc   0x00000024   Code   RO         1932    i.FLASH_PageErase   stm32f1xx_hal_flash_ex.o
    0x08000ce0   0x08000ce0   0x0000001c   Code   RO         1824    i.FLASH_Program_HalfWord  stm32f1xx_hal_flash.o
    0x08000cfc   0x08000cfc   0x0000005c   Code   RO         1825    i.FLASH_SetErrorCode  stm32f1xx_hal_flash.o
    0x08000d58   0x08000d58   0x00000054   Code   RO         1826    i.FLASH_WaitForLastOperation  stm32f1xx_hal_flash.o
    0x08000dac   0x08000dac   0x00000026   Code   RO         4217    i.Flash_ErasePage   pid.o
    0x08000dd2   0x08000dd2   0x00000014   Code   RO         4337    i.Flash_Read        rwflash.o
    0x08000de6   0x08000de6   0x00000002   PAD
    0x08000de8   0x08000de8   0x0000000c   Code   RO         4218    i.Flash_ReadFloat   pid.o
    0x08000df4   0x08000df4   0x0000004a   Code   RO         4338    i.Flash_Write       rwflash.o
    0x08000e3e   0x08000e3e   0x00000002   PAD
    0x08000e40   0x08000e40   0x0000002c   Code   RO         4219    i.Flash_WriteFloat  pid.o
    0x08000e6c   0x08000e6c   0x00000024   Code   RO          874    i.HAL_CAN_ActivateNotification  stm32f1xx_hal_can.o
    0x08000e90   0x08000e90   0x000000bc   Code   RO          875    i.HAL_CAN_AddTxMessage  stm32f1xx_hal_can.o
    0x08000f4c   0x08000f4c   0x000000ec   Code   RO          876    i.HAL_CAN_ConfigFilter  stm32f1xx_hal_can.o
    0x08001038   0x08001038   0x00000002   Code   RO          879    i.HAL_CAN_ErrorCallback  stm32f1xx_hal_can.o
    0x0800103a   0x0800103a   0x000000f4   Code   RO          882    i.HAL_CAN_GetRxMessage  stm32f1xx_hal_can.o
    0x0800112e   0x0800112e   0x000001fc   Code   RO          886    i.HAL_CAN_IRQHandler  stm32f1xx_hal_can.o
    0x0800132a   0x0800132a   0x0000011a   Code   RO          887    i.HAL_CAN_Init      stm32f1xx_hal_can.o
    0x08001444   0x08001444   0x0000007c   Code   RO          360    i.HAL_CAN_MspInit   can.o
    0x080014c0   0x080014c0   0x00000002   Code   RO          894    i.HAL_CAN_RxFifo0FullCallback  stm32f1xx_hal_can.o
    0x080014c2   0x080014c2   0x00000002   PAD
    0x080014c4   0x080014c4   0x00000050   Code   RO          361    i.HAL_CAN_RxFifo0MsgPendingCallback  can.o
    0x08001514   0x08001514   0x00000002   Code   RO          896    i.HAL_CAN_RxFifo1FullCallback  stm32f1xx_hal_can.o
    0x08001516   0x08001516   0x00000002   Code   RO          897    i.HAL_CAN_RxFifo1MsgPendingCallback  stm32f1xx_hal_can.o
    0x08001518   0x08001518   0x00000002   Code   RO          898    i.HAL_CAN_SleepCallback  stm32f1xx_hal_can.o
    0x0800151a   0x0800151a   0x00000056   Code   RO          899    i.HAL_CAN_Start     stm32f1xx_hal_can.o
    0x08001570   0x08001570   0x00000002   Code   RO          901    i.HAL_CAN_TxMailbox0AbortCallback  stm32f1xx_hal_can.o
    0x08001572   0x08001572   0x00000002   Code   RO          902    i.HAL_CAN_TxMailbox0CompleteCallback  stm32f1xx_hal_can.o
    0x08001574   0x08001574   0x00000002   Code   RO          903    i.HAL_CAN_TxMailbox1AbortCallback  stm32f1xx_hal_can.o
    0x08001576   0x08001576   0x00000002   Code   RO          904    i.HAL_CAN_TxMailbox1CompleteCallback  stm32f1xx_hal_can.o
    0x08001578   0x08001578   0x00000002   Code   RO          905    i.HAL_CAN_TxMailbox2AbortCallback  stm32f1xx_hal_can.o
    0x0800157a   0x0800157a   0x00000002   Code   RO          906    i.HAL_CAN_TxMailbox2CompleteCallback  stm32f1xx_hal_can.o
    0x0800157c   0x0800157c   0x00000002   Code   RO          908    i.HAL_CAN_WakeUpFromRxMsgCallback  stm32f1xx_hal_can.o
    0x0800157e   0x0800157e   0x00000046   Code   RO         1488    i.HAL_DMA_Abort     stm32f1xx_hal_dma.o
    0x080015c4   0x080015c4   0x00000098   Code   RO         1489    i.HAL_DMA_Abort_IT  stm32f1xx_hal_dma.o
    0x0800165c   0x0800165c   0x00000158   Code   RO         1493    i.HAL_DMA_IRQHandler  stm32f1xx_hal_dma.o
    0x080017b4   0x080017b4   0x0000005c   Code   RO         1494    i.HAL_DMA_Init      stm32f1xx_hal_dma.o
    0x08001810   0x08001810   0x00000070   Code   RO         1498    i.HAL_DMA_Start_IT  stm32f1xx_hal_dma.o
    0x08001880   0x08001880   0x000000a8   Code   RO         1933    i.HAL_FLASHEx_Erase  stm32f1xx_hal_flash_ex.o
    0x08001928   0x08001928   0x00000014   Code   RO         1830    i.HAL_FLASH_Lock    stm32f1xx_hal_flash.o
    0x0800193c   0x0800193c   0x00000084   Code   RO         1835    i.HAL_FLASH_Program  stm32f1xx_hal_flash.o
    0x080019c0   0x080019c0   0x00000028   Code   RO         1837    i.HAL_FLASH_Unlock  stm32f1xx_hal_flash.o
    0x080019e8   0x080019e8   0x000001cc   Code   RO         1424    i.HAL_GPIO_Init     stm32f1xx_hal_gpio.o
    0x08001bb4   0x08001bb4   0x00000010   Code   RO         1427    i.HAL_GPIO_TogglePin  stm32f1xx_hal_gpio.o
    0x08001bc4   0x08001bc4   0x0000000a   Code   RO         1428    i.HAL_GPIO_WritePin  stm32f1xx_hal_gpio.o
    0x08001bce   0x08001bce   0x00000002   PAD
    0x08001bd0   0x08001bd0   0x0000000c   Code   RO         1118    i.HAL_GetTick       stm32f1xx_hal.o
    0x08001bdc   0x08001bdc   0x0000000c   Code   RO         1121    i.HAL_GetUIDw0      stm32f1xx_hal.o
    0x08001be8   0x08001be8   0x0000000c   Code   RO         1122    i.HAL_GetUIDw1      stm32f1xx_hal.o
    0x08001bf4   0x08001bf4   0x0000000c   Code   RO         1123    i.HAL_GetUIDw2      stm32f1xx_hal.o
    0x08001c00   0x08001c00   0x00000188   Code   RO         2095    i.HAL_I2C_Init      stm32f1xx_hal_i2c.o
    0x08001d88   0x08001d88   0x00000098   Code   RO          472    i.HAL_I2C_MspInit   i2c.o
    0x08001e20   0x08001e20   0x00000010   Code   RO         1124    i.HAL_IncTick       stm32f1xx_hal.o
    0x08001e30   0x08001e30   0x00000024   Code   RO         1125    i.HAL_Init          stm32f1xx_hal.o
    0x08001e54   0x08001e54   0x00000040   Code   RO         1126    i.HAL_InitTick      stm32f1xx_hal.o
    0x08001e94   0x08001e94   0x0000003c   Code   RO          694    i.HAL_MspInit       stm32f1xx_hal_msp.o
    0x08001ed0   0x08001ed0   0x0000001a   Code   RO         1584    i.HAL_NVIC_EnableIRQ  stm32f1xx_hal_cortex.o
    0x08001eea   0x08001eea   0x00000002   PAD
    0x08001eec   0x08001eec   0x00000040   Code   RO         1590    i.HAL_NVIC_SetPriority  stm32f1xx_hal_cortex.o
    0x08001f2c   0x08001f2c   0x00000024   Code   RO         1591    i.HAL_NVIC_SetPriorityGrouping  stm32f1xx_hal_cortex.o
    0x08001f50   0x08001f50   0x00000138   Code   RO         1282    i.HAL_RCC_ClockConfig  stm32f1xx_hal_rcc.o
    0x08002088   0x08002088   0x00000020   Code   RO         1289    i.HAL_RCC_GetPCLK1Freq  stm32f1xx_hal_rcc.o
    0x080020a8   0x080020a8   0x00000020   Code   RO         1290    i.HAL_RCC_GetPCLK2Freq  stm32f1xx_hal_rcc.o
    0x080020c8   0x080020c8   0x0000004c   Code   RO         1291    i.HAL_RCC_GetSysClockFreq  stm32f1xx_hal_rcc.o
    0x08002114   0x08002114   0x00000318   Code   RO         1294    i.HAL_RCC_OscConfig  stm32f1xx_hal_rcc.o
    0x0800242c   0x0800242c   0x000000b2   Code   RO         2532    i.HAL_SPI_Init      stm32f1xx_hal_spi.o
    0x080024de   0x080024de   0x00000002   PAD
    0x080024e0   0x080024e0   0x0000005c   Code   RO          525    i.HAL_SPI_MspInit   spi.o
    0x0800253c   0x0800253c   0x00000028   Code   RO         1595    i.HAL_SYSTICK_Config  stm32f1xx_hal_cortex.o
    0x08002564   0x08002564   0x00000002   Code   RO         3549    i.HAL_TIMEx_BreakCallback  stm32f1xx_hal_tim_ex.o
    0x08002566   0x08002566   0x00000002   Code   RO         3550    i.HAL_TIMEx_CommutCallback  stm32f1xx_hal_tim_ex.o
    0x08002568   0x08002568   0x00000068   Code   RO         3568    i.HAL_TIMEx_MasterConfigSynchronization  stm32f1xx_hal_tim_ex.o
    0x080025d0   0x080025d0   0x0000005a   Code   RO         2845    i.HAL_TIM_Base_Init  stm32f1xx_hal_tim.o
    0x0800262a   0x0800262a   0x00000002   PAD
    0x0800262c   0x0800262c   0x00000060   Code   RO          567    i.HAL_TIM_Base_MspInit  tim.o
    0x0800268c   0x0800268c   0x00000058   Code   RO         2850    i.HAL_TIM_Base_Start_IT  stm32f1xx_hal_tim.o
    0x080026e4   0x080026e4   0x000000dc   Code   RO         2854    i.HAL_TIM_ConfigClockSource  stm32f1xx_hal_tim.o
    0x080027c0   0x080027c0   0x00000002   Code   RO         2879    i.HAL_TIM_IC_CaptureCallback  stm32f1xx_hal_tim.o
    0x080027c2   0x080027c2   0x00000130   Code   RO         2893    i.HAL_TIM_IRQHandler  stm32f1xx_hal_tim.o
    0x080028f2   0x080028f2   0x00000002   Code   RO         2896    i.HAL_TIM_OC_DelayElapsedCallback  stm32f1xx_hal_tim.o
    0x080028f4   0x080028f4   0x00000002   Code   RO         2923    i.HAL_TIM_PWM_PulseFinishedCallback  stm32f1xx_hal_tim.o
    0x080028f6   0x080028f6   0x00000002   PAD
    0x080028f8   0x080028f8   0x00000090   Code   RO          224    i.HAL_TIM_PeriodElapsedCallback  main.o
    0x08002988   0x08002988   0x00000002   Code   RO         2936    i.HAL_TIM_TriggerCallback  stm32f1xx_hal_tim.o
    0x0800298a   0x0800298a   0x00000002   Code   RO         3828    i.HAL_UARTEx_RxEventCallback  stm32f1xx_hal_uart.o
    0x0800298c   0x0800298c   0x00000070   Code   RO         3840    i.HAL_UART_DMAStop  stm32f1xx_hal_uart.o
    0x080029fc   0x080029fc   0x00000002   Code   RO         3842    i.HAL_UART_ErrorCallback  stm32f1xx_hal_uart.o
    0x080029fe   0x080029fe   0x0000000a   Code   RO         3844    i.HAL_UART_GetState  stm32f1xx_hal_uart.o
    0x08002a08   0x08002a08   0x0000026c   Code   RO         3845    i.HAL_UART_IRQHandler  stm32f1xx_hal_uart.o
    0x08002c74   0x08002c74   0x00000064   Code   RO         3846    i.HAL_UART_Init     stm32f1xx_hal_uart.o
    0x08002cd8   0x08002cd8   0x000000e0   Code   RO          616    i.HAL_UART_MspInit  usart.o
    0x08002db8   0x08002db8   0x0000001c   Code   RO         3850    i.HAL_UART_Receive_DMA  stm32f1xx_hal_uart.o
    0x08002dd4   0x08002dd4   0x00000002   Code   RO         3852    i.HAL_UART_RxCpltCallback  stm32f1xx_hal_uart.o
    0x08002dd6   0x08002dd6   0x00000002   Code   RO         3853    i.HAL_UART_RxHalfCpltCallback  stm32f1xx_hal_uart.o
    0x08002dd8   0x08002dd8   0x000000a0   Code   RO         3854    i.HAL_UART_Transmit  stm32f1xx_hal_uart.o
    0x08002e78   0x08002e78   0x0000007c   Code   RO         3855    i.HAL_UART_Transmit_DMA  stm32f1xx_hal_uart.o
    0x08002ef4   0x08002ef4   0x00000002   Code   RO         3857    i.HAL_UART_TxCpltCallback  stm32f1xx_hal_uart.o
    0x08002ef6   0x08002ef6   0x00000002   Code   RO         3858    i.HAL_UART_TxHalfCpltCallback  stm32f1xx_hal_uart.o
    0x08002ef8   0x08002ef8   0x00000002   Code   RO          722    i.HardFault_Handler  stm32f1xx_it.o
    0x08002efa   0x08002efa   0x00000002   PAD
    0x08002efc   0x08002efc   0x00000084   Code   RO          362    i.MX_CAN_Init       can.o
    0x08002f80   0x08002f80   0x0000003c   Code   RO          447    i.MX_DMA_Init       dma.o
    0x08002fbc   0x08002fbc   0x000000b0   Code   RO          331    i.MX_GPIO_Init      gpio.o
    0x0800306c   0x0800306c   0x00000040   Code   RO          473    i.MX_I2C1_Init      i2c.o
    0x080030ac   0x080030ac   0x00000040   Code   RO          474    i.MX_I2C2_Init      i2c.o
    0x080030ec   0x080030ec   0x0000004c   Code   RO          526    i.MX_SPI1_Init      spi.o
    0x08003138   0x08003138   0x00000068   Code   RO          568    i.MX_TIM2_Init      tim.o
    0x080031a0   0x080031a0   0x00000068   Code   RO          569    i.MX_TIM3_Init      tim.o
    0x08003208   0x08003208   0x00000038   Code   RO          617    i.MX_USART1_UART_Init  usart.o
    0x08003240   0x08003240   0x00000002   Code   RO          723    i.MemManage_Handler  stm32f1xx_it.o
    0x08003242   0x08003242   0x00000002   Code   RO          724    i.NMI_Handler       stm32f1xx_it.o
    0x08003244   0x08003244   0x00000002   Code   RO          725    i.PendSV_Handler    stm32f1xx_it.o
    0x08003246   0x08003246   0x00000002   Code   RO          726    i.SVC_Handler       stm32f1xx_it.o
    0x08003248   0x08003248   0x00000004   Code   RO          727    i.SysTick_Handler   stm32f1xx_it.o
    0x0800324c   0x0800324c   0x0000005c   Code   RO          225    i.SystemClock_Config  main.o
    0x080032a8   0x080032a8   0x00000002   Code   RO         4180    i.SystemInit        system_stm32f1xx.o
    0x080032aa   0x080032aa   0x00000002   PAD
    0x080032ac   0x080032ac   0x0000000c   Code   RO          728    i.TIM2_IRQHandler   stm32f1xx_it.o
    0x080032b8   0x080032b8   0x0000000c   Code   RO          729    i.TIM3_IRQHandler   stm32f1xx_it.o
    0x080032c4   0x080032c4   0x00000078   Code   RO         2938    i.TIM_Base_SetConfig  stm32f1xx_hal_tim.o
    0x0800333c   0x0800333c   0x00000014   Code   RO         2949    i.TIM_ETR_SetConfig  stm32f1xx_hal_tim.o
    0x08003350   0x08003350   0x00000010   Code   RO         2950    i.TIM_ITRx_SetConfig  stm32f1xx_hal_tim.o
    0x08003360   0x08003360   0x00000022   Code   RO         2956    i.TIM_TI1_ConfigInputStage  stm32f1xx_hal_tim.o
    0x08003382   0x08003382   0x00000024   Code   RO         2958    i.TIM_TI2_ConfigInputStage  stm32f1xx_hal_tim.o
    0x080033a6   0x080033a6   0x00000010   Code   RO         3859    i.UART_DMAAbortOnError  stm32f1xx_hal_uart.o
    0x080033b6   0x080033b6   0x0000004a   Code   RO         3860    i.UART_DMAError     stm32f1xx_hal_uart.o
    0x08003400   0x08003400   0x00000086   Code   RO         3861    i.UART_DMAReceiveCplt  stm32f1xx_hal_uart.o
    0x08003486   0x08003486   0x0000001e   Code   RO         3863    i.UART_DMARxHalfCplt  stm32f1xx_hal_uart.o
    0x080034a4   0x080034a4   0x00000042   Code   RO         3865    i.UART_DMATransmitCplt  stm32f1xx_hal_uart.o
    0x080034e6   0x080034e6   0x0000000a   Code   RO         3867    i.UART_DMATxHalfCplt  stm32f1xx_hal_uart.o
    0x080034f0   0x080034f0   0x0000004e   Code   RO         3869    i.UART_EndRxTransfer  stm32f1xx_hal_uart.o
    0x0800353e   0x0800353e   0x0000001c   Code   RO         3870    i.UART_EndTxTransfer  stm32f1xx_hal_uart.o
    0x0800355a   0x0800355a   0x000000c2   Code   RO         3871    i.UART_Receive_IT   stm32f1xx_hal_uart.o
    0x0800361c   0x0800361c   0x000000b8   Code   RO         3872    i.UART_SetConfig    stm32f1xx_hal_uart.o
    0x080036d4   0x080036d4   0x00000094   Code   RO         3873    i.UART_Start_Receive_DMA  stm32f1xx_hal_uart.o
    0x08003768   0x08003768   0x00000024   Code   RO          618    i.UART_Transmit_DMA  usart.o
    0x0800378c   0x0800378c   0x00000070   Code   RO         3875    i.UART_WaitOnFlagUntilTimeout  stm32f1xx_hal_uart.o
    0x080037fc   0x080037fc   0x0000029c   Code   RO          730    i.USART1_IRQHandler  stm32f1xx_it.o
    0x08003a98   0x08003a98   0x0000000c   Code   RO          731    i.USB_LP_CAN1_RX0_IRQHandler  stm32f1xx_it.o
    0x08003aa4   0x08003aa4   0x00000002   Code   RO          732    i.UsageFault_Handler  stm32f1xx_it.o
    0x08003aa6   0x08003aa6   0x00000002   PAD
    0x08003aa8   0x08003aa8   0x00000020   Code   RO         4644    i.__0printf$8       mc_w.l(printf8.o)
    0x08003ac8   0x08003ac8   0x00000028   Code   RO         4646    i.__0sprintf$8      mc_w.l(printf8.o)
    0x08003af0   0x08003af0   0x00000028   Code   RO         4828    i.__ARM_fpclassify  m_ws.l(fpclassify.o)
    0x08003b18   0x08003b18   0x00000020   Code   RO         1597    i.__NVIC_SetPriority  stm32f1xx_hal_cortex.o
    0x08003b38   0x08003b38   0x00000388   Code   RO         4763    i.__ieee754_rem_pio2  m_ws.l(rred.o)
    0x08003ec0   0x08003ec0   0x000000fc   Code   RO         4728    i.__kernel_cos      m_ws.l(cos_i.o)
    0x08003fbc   0x08003fbc   0x000000aa   Code   RO         4761    i.__kernel_poly     m_ws.l(poly.o)
    0x08004066   0x08004066   0x00000002   PAD
    0x08004068   0x08004068   0x000000ec   Code   RO         4771    i.__kernel_sin      m_ws.l(sin_i.o)
    0x08004154   0x08004154   0x00000006   Code   RO         4732    i.__mathlib_dbl_infnan  m_ws.l(dunder.o)
    0x0800415a   0x0800415a   0x0000000c   Code   RO         4734    i.__mathlib_dbl_invalid  m_ws.l(dunder.o)
    0x08004166   0x08004166   0x00000002   PAD
    0x08004168   0x08004168   0x00000010   Code   RO         4737    i.__mathlib_dbl_underflow  m_ws.l(dunder.o)
    0x08004178   0x08004178   0x0000000e   Code   RO         4844    i.__scatterload_copy  mc_w.l(handlers.o)
    0x08004186   0x08004186   0x00000002   Code   RO         4845    i.__scatterload_null  mc_w.l(handlers.o)
    0x08004188   0x08004188   0x0000000e   Code   RO         4846    i.__scatterload_zeroinit  mc_w.l(handlers.o)
    0x08004196   0x08004196   0x00000002   PAD
    0x08004198   0x08004198   0x0000000c   Code   RO         4810    i.__set_errno       mc_w.l(errno.o)
    0x080041a4   0x080041a4   0x00000410   Code   RO         4651    i._printf_core      mc_w.l(printf8.o)
    0x080045b4   0x080045b4   0x00000024   Code   RO         4652    i._printf_post_padding  mc_w.l(printf8.o)
    0x080045d8   0x080045d8   0x0000002e   Code   RO         4653    i._printf_pre_padding  mc_w.l(printf8.o)
    0x08004606   0x08004606   0x0000000a   Code   RO         4655    i._sputc            mc_w.l(printf8.o)
    0x08004610   0x08004610   0x0000027c   Code   RO         4377    i.acos              m_ws.l(acos.o)
    0x0800488c   0x0800488c   0x0000009c   Code   RO         4395    i.cos               m_ws.l(cos.o)
    0x08004928   0x08004928   0x00000098   Code   RO         4222    i.distanceToAngle   pid.o
    0x080049c0   0x080049c0   0x00000090   Code   RO         4223    i.distance_to_motor_turns  pid.o
    0x08004a50   0x08004a50   0x00000018   Code   RO          619    i.fputc             usart.o
    0x08004a68   0x08004a68   0x0000002a   Code   RO          620    i.is_mcuid_received  usart.o
    0x08004a92   0x08004a92   0x00000002   PAD
    0x08004a94   0x08004a94   0x00000460   Code   RO          226    i.main              main.o
    0x08004ef4   0x08004ef4   0x0000007c   Code   RO         4224    i.motor_turns_to_distance  pid.o
    0x08004f70   0x08004f70   0x000000dc   Code   RO         4226    i.pid_calc          pid.o
    0x0800504c   0x0800504c   0x0000004c   Code   RO         4228    i.pid_count         pid.o
    0x08005098   0x08005098   0x00000044   Code   RO         4229    i.pid_init_all      pid.o
    0x080050dc   0x080050dc   0x00000010   Code   RO         4230    i.pid_initw         pid.o
    0x080050ec   0x080050ec   0x0000004c   Code   RO         4778    i.sqrt              m_ws.l(sqrt.o)
    0x08005138   0x08005138   0x00000012   Data   RO         1295    .constdata          stm32f1xx_hal_rcc.o
    0x0800514a   0x0800514a   0x00000010   Data   RO         4181    .constdata          system_stm32f1xx.o
    0x0800515a   0x0800515a   0x00000008   Data   RO         4182    .constdata          system_stm32f1xx.o
    0x08005162   0x08005162   0x00000006   PAD
    0x08005168   0x08005168   0x00000050   Data   RO         4378    .constdata          m_ws.l(acos.o)
    0x080051b8   0x080051b8   0x00000030   Data   RO         4729    .constdata          m_ws.l(cos_i.o)
    0x080051e8   0x080051e8   0x000000c8   Data   RO         4765    .constdata          m_ws.l(rred.o)
    0x080052b0   0x080052b0   0x00000028   Data   RO         4772    .constdata          m_ws.l(sin_i.o)
    0x080052d8   0x080052d8   0x00000020   Data   RO         4842    Region$$Table       anon$$obj.o


    Execution Region RW_IRAM1 (Exec base: 0x20000000, Load base: 0x080052f8, Size: 0x00001d50, Max: 0x00005000, ABSOLUTE, COMPRESSED[0x000005d0])

    Exec Addr    Load Addr    Size         Type   Attr      Idx    E Section Name        Object

    0x20000000   COMPRESSED   0x00000020   Data   RW          228    .data               main.o
    0x20000020   COMPRESSED   0x0000069a   Data   RW          367    .data               can.o
    0x200006ba   COMPRESSED   0x0000000e   Data   RW          626    .data               usart.o
    0x200006c8   COMPRESSED   0x000001d7   Data   RW          628    .data               usart.o
    0x2000089f   COMPRESSED   0x00000001   PAD
    0x200008a0   COMPRESSED   0x00000002   Data   RW          631    .data               usart.o
    0x200008a2   COMPRESSED   0x00000002   Data   RW          632    .data               usart.o
    0x200008a4   COMPRESSED   0x00000002   Data   RW          633    .data               usart.o
    0x200008a6   COMPRESSED   0x00000002   Data   RW          733    .data               stm32f1xx_it.o
    0x200008a8   COMPRESSED   0x0000000c   Data   RW         1132    .data               stm32f1xx_hal.o
    0x200008b4   COMPRESSED   0x00000004   Data   RW         4183    .data               system_stm32f1xx.o
    0x200008b8   COMPRESSED   0x00000034   Data   RW         4234    .data               pid.o
    0x200008ec   COMPRESSED   0x00000004   Data   RW         4799    .data               mc_w.l(stdout.o)
    0x200008f0   COMPRESSED   0x00000004   Data   RW         4811    .data               mc_w.l(errno.o)
    0x200008f4        -       0x0000003e   Zero   RW          227    .bss                main.o
    0x20000932   COMPRESSED   0x00000002   PAD
    0x20000934        -       0x000000c8   Zero   RW          366    .bss                can.o
    0x200009fc        -       0x000000a8   Zero   RW          477    .bss                i2c.o
    0x20000aa4        -       0x00000058   Zero   RW          527    .bss                spi.o
    0x20000afc        -       0x00000090   Zero   RW          570    .bss                tim.o
    0x20000b8c        -       0x0000051c   Zero   RW          621    .bss                usart.o
    0x200010a8        -       0x000001fc   Zero   RW          622    .bss                usart.o
    0x200012a4   COMPRESSED   0x00000004   PAD
    0x200012a8        -       0x00000020   Zero   RW         1838    .bss                stm32f1xx_hal_flash.o
    0x200012c8        -       0x00000088   Zero   RW         4232    .bss                pid.o
    0x20001350        -       0x00000024   Zero   RW         4233    .bss                pid.o
    0x20001374        -       0x000001f4   Zero   RW         4339    .bss                rwflash.o
    0x20001568        -       0x000001f4   Zero   RW         4340    .bss                rwflash.o
    0x2000175c        -       0x000001f4   Zero   RW         4341    .bss                rwflash.o
    0x20001950        -       0x00000400   Zero   RW            1    STACK               startup_stm32f103xb.o


==============================================================================

Image component sizes


      Code (inc. data)   RO Data    RW Data    ZI Data      Debug   Object Name

       676         74          0       1690        200       5618   can.o
        60          4          0          0          0        770   dma.o
       176         12          0          0          0        951   gpio.o
       280         46          0          0        168       2440   i2c.o
         0          0          0          0          0     458816   kth71xx.o
      1360        228          0         32         62       4655   main.o
       894        164          0         52        172       8141   pid.o
        94          0          0          0       1500       2098   rwflash.o
       168         20          0          0         88       1657   spi.o
        36          8        236          0       1024        804   startup_stm32f103xb.o
       164         42          0         12          0       6834   stm32f1xx_hal.o
      1604          0          0          0          0      14067   stm32f1xx_hal_can.o
       198         14          0          0          0      28923   stm32f1xx_hal_cortex.o
       812         36          0          0          0       5006   stm32f1xx_hal_dma.o
       396         48          0          0         32       4758   stm32f1xx_hal_flash.o
       240         26          0          0          0       3277   stm32f1xx_hal_flash_ex.o
       486         34          0          0          0       3465   stm32f1xx_hal_gpio.o
       392         16          0          0          0       3211   stm32f1xx_hal_i2c.o
        60          8          0          0          0        882   stm32f1xx_hal_msp.o
      1244         84         18          0          0       5284   stm32f1xx_hal_rcc.o
       178          0          0          0          0       1163   stm32f1xx_hal_spi.o
       936         24          0          0          0      10125   stm32f1xx_hal_tim.o
       108         12          0          0          0       2501   stm32f1xx_hal_tim_ex.o
      2240         38          0          0          0      18739   stm32f1xx_hal_uart.o
       748         96          0          2          0       8117   stm32f1xx_it.o
         2          0         24          4          0       1127   system_stm32f1xx.o
       304         26          0          0        144       2363   tim.o
       506         54          0        491       1816       5198   usart.o

    ----------------------------------------------------------------------
     14386       1114        316       2284       5212     610990   Object Totals
         0          0         32          0          0          0   (incl. Generated)
        24          0          6          1          6          0   (incl. Padding)

    ----------------------------------------------------------------------

      Code (inc. data)   RO Data    RW Data    ZI Data      Debug   Library Member Name

       636         62         80          0          0        188   acos.o
       156          8          0          0          0        104   cos.o
       252         22         48          0          0        124   cos_i.o
        34          6          0          0          0        204   dunder.o
        40          0          0          0          0         68   fpclassify.o
       170          0          0          0          0         96   poly.o
       904         76        200          0          0        140   rred.o
       236         12         40          0          0        128   sin_i.o
        76          0          0          0          0         84   sqrt.o
        86          0          0          0          0          0   __dczerorl2.o
         0          0          0          0          0          0   entry.o
         0          0          0          0          0          0   entry10a.o
         0          0          0          0          0          0   entry11a.o
         8          4          0          0          0          0   entry2.o
         4          0          0          0          0          0   entry5.o
         0          0          0          0          0          0   entry7b.o
         0          0          0          0          0          0   entry8b.o
         8          4          0          0          0          0   entry9a.o
        12          6          0          4          0         68   errno.o
        30          0          0          0          0          0   handlers.o
        36          8          0          0          0         68   init.o
         0          0          0          0          0          0   iusefp.o
        30          0          0          0          0         68   llshl.o
        36          0          0          0          0         68   llsshr.o
        32          0          0          0          0         68   llushr.o
        36          0          0          0          0         68   memcpya.o
        36          0          0          0          0        108   memseta.o
      1204         60          0          0          0        504   printf8.o
         0          0          0          4          0          0   stdout.o
        98          0          0          0          0         92   uldiv.o
        20          0          0          0          0         68   cfrcmple.o
        56          0          0          0          0         88   d2f.o
       334          0          0          0          0        148   dadd.o
       222          0          0          0          0        100   ddiv.o
       186          0          0          0          0        176   depilogue.o
        62          0          0          0          0         80   dfixi.o
        34          0          0          0          0         76   dflti.o
        26          0          0          0          0         76   dfltui.o
       228          0          0          0          0         96   dmul.o
        46          0          0          0          0         80   dscalb.o
       162          0          0          0          0        100   dsqrt.o
        38          0          0          0          0         68   f2d.o
       176          0          0          0          0        140   fadd.o
       124          0          0          0          0         88   fdiv.o
       110          0          0          0          0        168   fepilogue.o
        50          0          0          0          0         68   ffixi.o
        18          0          0          0          0         68   fflti.o
        10          0          0          0          0         68   ffltui.o
       100          0          0          0          0         76   fmul.o

    ----------------------------------------------------------------------
      6170        268        368          8          0       4080   Library Totals
         8          0          0          0          0          0   (incl. Padding)

    ----------------------------------------------------------------------

      Code (inc. data)   RO Data    RW Data    ZI Data      Debug   Library Name

      2504        186        368          0          0       1136   m_ws.l
      1656         82          0          8          0       1112   mc_w.l
      2002          0          0          0          0       1832   mf_w.l

    ----------------------------------------------------------------------
      6170        268        368          8          0       4080   Library Totals

    ----------------------------------------------------------------------

==============================================================================


      Code (inc. data)   RO Data    RW Data    ZI Data      Debug   

     20556       1382        684       2292       5212     605474   Grand Totals
     20556       1382        684       1488       5212     605474   ELF Image Totals (compressed)
     20556       1382        684       1488          0          0   ROM Totals

==============================================================================

    Total RO  Size (Code + RO Data)                21240 (  20.74kB)
    Total RW  Size (RW Data + ZI Data)              7504 (   7.33kB)
    Total ROM Size (Code + RO Data + RW Data)      22728 (  22.20kB)

==============================================================================

